Component: Arm Compiler for Embedded 6.19 Tool: armlink [5e73cb00]

==============================================================================

Section Cross References

    startup_stm32f103xb.o(STACK) refers (Special) to heapauxi.o(.text) for __use_two_region_memory
    startup_stm32f103xb.o(HEAP) refers (Special) to heapauxi.o(.text) for __use_two_region_memory
    startup_stm32f103xb.o(RESET) refers (Special) to heapauxi.o(.text) for __use_two_region_memory
    startup_stm32f103xb.o(RESET) refers to startup_stm32f103xb.o(STACK) for __initial_sp
    startup_stm32f103xb.o(RESET) refers to startup_stm32f103xb.o(.text) for Reset_Handler
    startup_stm32f103xb.o(RESET) refers to stm32f1xx_it.o(.text.NMI_Handler) for NMI_Handler
    startup_stm32f103xb.o(RESET) refers to stm32f1xx_it.o(.text.HardFault_Handler) for HardFault_Handler
    startup_stm32f103xb.o(RESET) refers to stm32f1xx_it.o(.text.MemManage_Handler) for MemManage_Handler
    startup_stm32f103xb.o(RESET) refers to stm32f1xx_it.o(.text.BusFault_Handler) for BusFault_Handler
    startup_stm32f103xb.o(RESET) refers to stm32f1xx_it.o(.text.UsageFault_Handler) for UsageFault_Handler
    startup_stm32f103xb.o(RESET) refers to stm32f1xx_it.o(.text.SVC_Handler) for SVC_Handler
    startup_stm32f103xb.o(RESET) refers to stm32f1xx_it.o(.text.DebugMon_Handler) for DebugMon_Handler
    startup_stm32f103xb.o(RESET) refers to stm32f1xx_it.o(.text.PendSV_Handler) for PendSV_Handler
    startup_stm32f103xb.o(RESET) refers to stm32f1xx_it.o(.text.SysTick_Handler) for SysTick_Handler
    startup_stm32f103xb.o(.text) refers (Special) to heapauxi.o(.text) for __use_two_region_memory
    startup_stm32f103xb.o(.text) refers to system_stm32f1xx.o(.text.SystemInit) for SystemInit
    startup_stm32f103xb.o(.text) refers to __main.o(!!!main) for __main
    startup_stm32f103xb.o(.text) refers to startup_stm32f103xb.o(HEAP) for Heap_Mem
    startup_stm32f103xb.o(.text) refers to startup_stm32f103xb.o(STACK) for Stack_Mem
    main.o(.text.main) refers to stm32f1xx_hal.o(.text.HAL_Init) for HAL_Init
    main.o(.text.main) refers to stm32f1xx_hal_rcc.o(.text.HAL_RCC_OscConfig) for HAL_RCC_OscConfig
    main.o(.text.main) refers to stm32f1xx_hal_rcc.o(.text.HAL_RCC_ClockConfig) for HAL_RCC_ClockConfig
    main.o(.text.main) refers to stm32f1xx_hal_rcc.o(.text.HAL_RCC_EnableCSS) for HAL_RCC_EnableCSS
    main.o(.text.main) refers to main.o(.bss.htim1) for htim1
    main.o(.text.main) refers to stm32f1xx_hal_tim.o(.text.HAL_TIM_Base_Init) for HAL_TIM_Base_Init
    main.o(.text.main) refers to stm32f1xx_hal_tim.o(.text.HAL_TIM_ConfigClockSource) for HAL_TIM_ConfigClockSource
    main.o(.text.main) refers to stm32f1xx_hal_tim.o(.text.HAL_TIM_PWM_Init) for HAL_TIM_PWM_Init
    main.o(.text.main) refers to stm32f1xx_hal_tim_ex.o(.text.HAL_TIMEx_MasterConfigSynchronization) for HAL_TIMEx_MasterConfigSynchronization
    main.o(.text.main) refers to stm32f1xx_hal_tim.o(.text.HAL_TIM_PWM_ConfigChannel) for HAL_TIM_PWM_ConfigChannel
    main.o(.text.main) refers to stm32f1xx_hal_tim_ex.o(.text.HAL_TIMEx_ConfigBreakDeadTime) for HAL_TIMEx_ConfigBreakDeadTime
    main.o(.text.main) refers to stm32f1xx_hal_msp.o(.text.HAL_TIM_MspPostInit) for HAL_TIM_MspPostInit
    main.o(.ARM.exidx.text.main) refers to main.o(.text.main) for [Anonymous Symbol]
    main.o(.text.SystemClock_Config) refers to stm32f1xx_hal_rcc.o(.text.HAL_RCC_OscConfig) for HAL_RCC_OscConfig
    main.o(.text.SystemClock_Config) refers to stm32f1xx_hal_rcc.o(.text.HAL_RCC_ClockConfig) for HAL_RCC_ClockConfig
    main.o(.text.SystemClock_Config) refers to stm32f1xx_hal_rcc.o(.text.HAL_RCC_EnableCSS) for HAL_RCC_EnableCSS
    main.o(.ARM.exidx.text.SystemClock_Config) refers to main.o(.text.SystemClock_Config) for [Anonymous Symbol]
    main.o(.ARM.exidx.text.Error_Handler) refers to main.o(.text.Error_Handler) for [Anonymous Symbol]
    stm32f1xx_it.o(.text.NMI_Handler) refers to stm32f1xx_hal_rcc.o(.text.HAL_RCC_NMI_IRQHandler) for HAL_RCC_NMI_IRQHandler
    stm32f1xx_it.o(.ARM.exidx.text.NMI_Handler) refers to stm32f1xx_it.o(.text.NMI_Handler) for [Anonymous Symbol]
    stm32f1xx_it.o(.ARM.exidx.text.HardFault_Handler) refers to stm32f1xx_it.o(.text.HardFault_Handler) for [Anonymous Symbol]
    stm32f1xx_it.o(.ARM.exidx.text.MemManage_Handler) refers to stm32f1xx_it.o(.text.MemManage_Handler) for [Anonymous Symbol]
    stm32f1xx_it.o(.ARM.exidx.text.BusFault_Handler) refers to stm32f1xx_it.o(.text.BusFault_Handler) for [Anonymous Symbol]
    stm32f1xx_it.o(.ARM.exidx.text.UsageFault_Handler) refers to stm32f1xx_it.o(.text.UsageFault_Handler) for [Anonymous Symbol]
    stm32f1xx_it.o(.ARM.exidx.text.SVC_Handler) refers to stm32f1xx_it.o(.text.SVC_Handler) for [Anonymous Symbol]
    stm32f1xx_it.o(.ARM.exidx.text.DebugMon_Handler) refers to stm32f1xx_it.o(.text.DebugMon_Handler) for [Anonymous Symbol]
    stm32f1xx_it.o(.ARM.exidx.text.PendSV_Handler) refers to stm32f1xx_it.o(.text.PendSV_Handler) for [Anonymous Symbol]
[...]
    Removing string.cpp.o(.ARM.exidx.text._ZNSt3__212basic_stringIcNS_11char_traitsIcEENS_9allocatorIcEEE7replaceEjjRKS5_jj), (8 bytes).
    Removing string.cpp.o(.text._ZNSt3__212basic_stringIcNS_11char_traitsIcEENS_9allocatorIcEEE6insertENS_11__wrap_iterIPKcEEc), (136 bytes).
    Removing string.cpp.o(.ARM.exidx.text._ZNSt3__212basic_stringIcNS_11char_traitsIcEENS_9allocatorIcEEE6insertENS_11__wrap_iterIPKcEEc), (8 bytes).
    Removing string.cpp.o(.text._ZNSt3__212basic_stringIcNS_11char_traitsIcEENS_9allocatorIcEEE6resizeEjc), (56 bytes).
    Removing string.cpp.o(.ARM.exidx.text._ZNSt3__212basic_stringIcNS_11char_traitsIcEENS_9allocatorIcEEE6resizeEjc), (8 bytes).
    Removing string.cpp.o(.text._ZNSt3__212basic_stringIcNS_11char_traitsIcEENS_9allocatorIcEEE6insertEjRKS5_jj), (58 bytes).
    Removing string.cpp.o(.ARM.exidx.text._ZNSt3__212basic_stringIcNS_11char_traitsIcEENS_9allocatorIcEEE6insertEjRKS5_jj), (8 bytes).
    Removing string.cpp.o(.text._ZNSt3__212basic_stringIwNS_11char_traitsIwEENS_9allocatorIwEEE7replaceEjjPKwj), (288 bytes).
    Removing string.cpp.o(.ARM.exidx.text._ZNSt3__212basic_stringIwNS_11char_traitsIwEENS_9allocatorIwEEE7replaceEjjPKwj), (8 bytes).
    Removing string.cpp.o(.text._ZNSt3__212basic_stringIwNS_11char_traitsIwEENS_9allocatorIwEEE21__grow_by_and_replaceEjjjjjjPKw), (224 bytes).
    Removing string.cpp.o(.ARM.exidx.text._ZNSt3__212basic_stringIwNS_11char_traitsIwEENS_9allocatorIwEEE21__grow_by_and_replaceEjjjjjjPKw), (8 bytes).
    Removing string.cpp.o(.text._ZNKSt3__212basic_stringIwNS_11char_traitsIwEENS_9allocatorIwEEE5rfindEPKwjj), (126 bytes).
    Removing string.cpp.o(.ARM.exidx.text._ZNKSt3__212basic_stringIwNS_11char_traitsIwEENS_9allocatorIwEEE5rfindEPKwjj), (8 bytes).
    Removing string.cpp.o(.text._ZNSt3__212basic_stringIwNS_11char_traitsIwEENS_9allocatorIwEEE6__initEPKwjj), (90 bytes).
    Removing string.cpp.o(.ARM.exidx.text._ZNSt3__212basic_stringIwNS_11char_traitsIwEENS_9allocatorIwEEE6__initEPKwjj), (8 bytes).
    Removing string.cpp.o(.text._ZNSt3__212basic_stringIwNS_11char_traitsIwEENS_9allocatorIwEEE7replaceEjjPKw), (42 bytes).
    Removing string.cpp.o(.ARM.exidx.text._ZNSt3__212basic_stringIwNS_11char_traitsIwEENS_9allocatorIwEEE7replaceEjjPKw), (8 bytes).
    Removing string.cpp.o(.text._ZNKSt3__212basic_stringIwNS_11char_traitsIwEENS_9allocatorIwEEE16find_last_not_ofEPKwjj), (78 bytes).
    Removing string.cpp.o(.ARM.exidx.text._ZNKSt3__212basic_stringIwNS_11char_traitsIwEENS_9allocatorIwEEE16find_last_not_ofEPKwjj), (8 bytes).
    Removing string.cpp.o(.text._ZNSt3__212basic_stringIwNS_11char_traitsIwEENS_9allocatorIwEEED2Ev), (28 bytes).
    Removing string.cpp.o(.ARM.exidx.text._ZNSt3__212basic_stringIwNS_11char_traitsIwEENS_9allocatorIwEEED2Ev), (8 bytes).
    Removing string.cpp.o(.text._ZNKSt3__212basic_stringIwNS_11char_traitsIwEENS_9allocatorIwEEE17find_first_not_ofEPKwjj), (78 bytes).
    Removing string.cpp.o(.ARM.exidx.text._ZNKSt3__212basic_stringIwNS_11char_traitsIwEENS_9allocatorIwEEE17find_first_not_ofEPKwjj), (8 bytes).
    Removing string.cpp.o(.text._ZNSt3__212basic_stringIwNS_11char_traitsIwEENS_9allocatorIwEEE6insertEjjw), (164 bytes).
    Removing string.cpp.o(.ARM.exidx.text._ZNSt3__212basic_stringIwNS_11char_traitsIwEENS_9allocatorIwEEE6insertEjjw), (8 bytes).
    Removing string.cpp.o(.text._ZNSt3__212basic_stringIwNS_11char_traitsIwEENS_9allocatorIwEEE9__grow_byEjjjjjj), (182 bytes).
    Removing string.cpp.o(.ARM.exidx.text._ZNSt3__212basic_stringIwNS_11char_traitsIwEENS_9allocatorIwEEE9__grow_byEjjjjjj), (8 bytes).
    Removing string.cpp.o(.text._ZNSt3__212basic_stringIwNS_11char_traitsIwEENS_9allocatorIwEEEaSEw), (32 bytes).
    Removing string.cpp.o(.ARM.exidx.text._ZNSt3__212basic_stringIwNS_11char_traitsIwEENS_9allocatorIwEEEaSEw), (8 bytes).
    Removing string.cpp.o(.text._ZNSt3__212basic_stringIwNS_11char_traitsIwEENS_9allocatorIwEEE6__initEPKwj), (96 bytes).
    Removing string.cpp.o(.ARM.exidx.text._ZNSt3__212basic_stringIwNS_11char_traitsIwEENS_9allocatorIwEEE6__initEPKwj), (8 bytes).
    Removing string.cpp.o(.text._ZNSt3__212basic_stringIwNS_11char_traitsIwEENS_9allocatorIwEEE25__init_copy_ctor_externalEPKwj), (86 bytes).
    Removing string.cpp.o(.ARM.exidx.text._ZNSt3__212basic_stringIwNS_11char_traitsIwEENS_9allocatorIwEEE25__init_copy_ctor_externalEPKwj), (8 bytes).
    Removing string.cpp.o(.text._ZNKSt3__212basic_stringIwNS_11char_traitsIwEENS_9allocatorIwEEE2atEj), (40 bytes).
    Removing string.cpp.o(.ARM.exidx.text._ZNKSt3__212basic_stringIwNS_11char_traitsIwEENS_9allocatorIwEEE2atEj), (8 bytes).
    Removing string.cpp.o(.text._ZNSt3__212basic_stringIwNS_11char_traitsIwEENS_9allocatorIwEEE6insertEjPKwj), (182 bytes).
    Removing string.cpp.o(.ARM.exidx.text._ZNSt3__212basic_stringIwNS_11char_traitsIwEENS_9allocatorIwEEE6insertEjPKwj), (8 bytes).
    Removing string.cpp.o(.text._ZNKSt3__212basic_stringIwNS_11char_traitsIwEENS_9allocatorIwEEE13find_first_ofEPKwjj), (86 bytes).
    Removing string.cpp.o(.ARM.exidx.text._ZNKSt3__212basic_stringIwNS_11char_traitsIwEENS_9allocatorIwEEE13find_first_ofEPKwjj), (8 bytes).
    Removing string.cpp.o(.text._ZNSt3__212basic_stringIwNS_11char_traitsIwEENS_9allocatorIwEEE7replaceEjjjw), (194 bytes).
    Removing string.cpp.o(.ARM.exidx.text._ZNSt3__212basic_stringIwNS_11char_traitsIwEENS_9allocatorIwEEE7replaceEjjjw), (8 bytes).
    Removing string.cpp.o(.text._ZNSt3__212basic_stringIwNS_11char_traitsIwEENS_9allocatorIwEEE17__assign_externalEPKwj), (110 bytes).
    Removing string.cpp.o(.ARM.exidx.text._ZNSt3__212basic_stringIwNS_11char_traitsIwEENS_9allocatorIwEEE17__assign_externalEPKwj), (8 bytes).
    Removing string.cpp.o(.text._ZNSt3__212basic_stringIwNS_11char_traitsIwEENS_9allocatorIwEEE17__assign_externalEPKw), (26 bytes).
    Removing string.cpp.o(.ARM.exidx.text._ZNSt3__212basic_stringIwNS_11char_traitsIwEENS_9allocatorIwEEE17__assign_externalEPKw), (8 bytes).
    Removing string.cpp.o(.text._ZNSt3__212basic_stringIwNS_11char_traitsIwEENS_9allocatorIwEEE7reserveEj), (212 bytes).
    Removing string.cpp.o(.ARM.exidx.text._ZNSt3__212basic_stringIwNS_11char_traitsIwEENS_9allocatorIwEEE7reserveEj), (8 bytes).
    Removing string.cpp.o(.text._ZNSt3__212basic_stringIwNS_11char_traitsIwEENS_9allocatorIwEEE6appendEPKwj), (118 bytes).
    Removing string.cpp.o(.ARM.exidx.text._ZNSt3__212basic_stringIwNS_11char_traitsIwEENS_9allocatorIwEEE6appendEPKwj), (8 bytes).
    Removing string.cpp.o(.text._ZNSt3__212basic_stringIwNS_11char_traitsIwEENS_9allocatorIwEEE6assignERKS5_jj), (62 bytes).
    Removing string.cpp.o(.ARM.exidx.text._ZNSt3__212basic_stringIwNS_11char_traitsIwEENS_9allocatorIwEEE6assignERKS5_jj), (8 bytes).
    Removing string.cpp.o(.text._ZNKSt3__212basic_stringIwNS_11char_traitsIwEENS_9allocatorIwEEE4copyEPwjj), (68 bytes).
    Removing string.cpp.o(.ARM.exidx.text._ZNKSt3__212basic_stringIwNS_11char_traitsIwEENS_9allocatorIwEEE4copyEPwjj), (8 bytes).
    Removing string.cpp.o(.text._ZNSt3__212basic_stringIwNS_11char_traitsIwEENS_9allocatorIwEEEC2ERKS5_jjRKS4_), (138 bytes).
    Removing string.cpp.o(.ARM.exidx.text._ZNSt3__212basic_stringIwNS_11char_traitsIwEENS_9allocatorIwEEEC2ERKS5_jjRKS4_), (8 bytes).
    Removing string.cpp.o(.text._ZNKSt3__212basic_stringIwNS_11char_traitsIwEENS_9allocatorIwEEE4findEwj), (68 bytes).
    Removing string.cpp.o(.ARM.exidx.text._ZNKSt3__212basic_stringIwNS_11char_traitsIwEENS_9allocatorIwEEE4findEwj), (8 bytes).
    Removing string.cpp.o(.text._ZNSt3__212basic_stringIwNS_11char_traitsIwEENS_9allocatorIwEEE6__initEjw), (92 bytes).
    Removing string.cpp.o(.ARM.exidx.text._ZNSt3__212basic_stringIwNS_11char_traitsIwEENS_9allocatorIwEEE6__initEjw), (8 bytes).
    Removing string.cpp.o(.text._ZNSt3__212basic_stringIwNS_11char_traitsIwEENS_9allocatorIwEEE6insertEjPKw), (30 bytes).
    Removing string.cpp.o(.ARM.exidx.text._ZNSt3__212basic_stringIwNS_11char_traitsIwEENS_9allocatorIwEEE6insertEjPKw), (8 bytes).
    Removing string.cpp.o(.text._ZNKSt3__212basic_stringIwNS_11char_traitsIwEENS_9allocatorIwEEE12find_last_ofEPKwjj), (72 bytes).
    Removing string.cpp.o(.ARM.exidx.text._ZNKSt3__212basic_stringIwNS_11char_traitsIwEENS_9allocatorIwEEE12find_last_ofEPKwjj), (8 bytes).
    Removing string.cpp.o(.text._ZNSt3__212basic_stringIwNS_11char_traitsIwEENS_9allocatorIwEEE17__assign_no_aliasILb0EEERS5_PKwj), (74 bytes).
    Removing string.cpp.o(.ARM.exidx.text._ZNSt3__212basic_stringIwNS_11char_traitsIwEENS_9allocatorIwEEE17__assign_no_aliasILb0EEERS5_PKwj), (8 bytes).
    Removing string.cpp.o(.text._ZNSt3__212basic_stringIwNS_11char_traitsIwEENS_9allocatorIwEEE17__assign_no_aliasILb1EEERS5_PKwj), (68 bytes).
    Removing string.cpp.o(.ARM.exidx.text._ZNSt3__212basic_stringIwNS_11char_traitsIwEENS_9allocatorIwEEE17__assign_no_aliasILb1EEERS5_PKwj), (8 bytes).
    Removing string.cpp.o(.text._ZNSt3__212basic_stringIwNS_11char_traitsIwEENS_9allocatorIwEEE9push_backEw), (92 bytes).
    Removing string.cpp.o(.ARM.exidx.text._ZNSt3__212basic_stringIwNS_11char_traitsIwEENS_9allocatorIwEEE9push_backEw), (8 bytes).
    Removing string.cpp.o(.text._ZNSt3__212basic_stringIwNS_11char_traitsIwEENS_9allocatorIwEEE6appendEjw), (122 bytes).
    Removing string.cpp.o(.ARM.exidx.text._ZNSt3__212basic_stringIwNS_11char_traitsIwEENS_9allocatorIwEEE6appendEjw), (8 bytes).
    Removing string.cpp.o(.text._ZNKSt3__212basic_stringIwNS_11char_traitsIwEENS_9allocatorIwEEE5rfindEwj), (56 bytes).
    Removing string.cpp.o(.ARM.exidx.text._ZNKSt3__212basic_stringIwNS_11char_traitsIwEENS_9allocatorIwEEE5rfindEwj), (8 bytes).
    Removing string.cpp.o(.text._ZNSt3__212basic_stringIwNS_11char_traitsIwEENS_9allocatorIwEEE6assignEjw), (134 bytes).
    Removing string.cpp.o(.ARM.exidx.text._ZNSt3__212basic_stringIwNS_11char_traitsIwEENS_9allocatorIwEEE6assignEjw), (8 bytes).
    Removing string.cpp.o(.text._ZNSt3__212basic_stringIwNS_11char_traitsIwEENS_9allocatorIwEEE26__erase_external_with_moveEjj), (86 bytes).
    Removing string.cpp.o(.ARM.exidx.text._ZNSt3__212basic_stringIwNS_11char_traitsIwEENS_9allocatorIwEEE26__erase_external_with_moveEjj), (8 bytes).
    Removing string.cpp.o(.text._ZNSt3__212basic_stringIwNS_11char_traitsIwEENS_9allocatorIwEEE6appendERKS5_jj), (62 bytes).
    Removing string.cpp.o(.ARM.exidx.text._ZNSt3__212basic_stringIwNS_11char_traitsIwEENS_9allocatorIwEEE6appendERKS5_jj), (8 bytes).
    Removing string.cpp.o(.text._ZNKSt3__212basic_stringIwNS_11char_traitsIwEENS_9allocatorIwEEE7compareEPKw), (80 bytes).
    Removing string.cpp.o(.ARM.exidx.text._ZNKSt3__212basic_stringIwNS_11char_traitsIwEENS_9allocatorIwEEE7compareEPKw), (8 bytes).
    Removing string.cpp.o(.text._ZNKSt3__212basic_stringIwNS_11char_traitsIwEENS_9allocatorIwEEE7compareEjjPKwj), (88 bytes).
    Removing string.cpp.o(.ARM.exidx.text._ZNKSt3__212basic_stringIwNS_11char_traitsIwEENS_9allocatorIwEEE7compareEjjPKwj), (8 bytes).
    Removing string.cpp.o(.text._ZNKSt3__212basic_stringIwNS_11char_traitsIwEENS_9allocatorIwEEE7compareEjjPKw), (104 bytes).
    Removing string.cpp.o(.ARM.exidx.text._ZNKSt3__212basic_stringIwNS_11char_traitsIwEENS_9allocatorIwEEE7compareEjjPKw), (8 bytes).
    Removing string.cpp.o(.text._ZNSt3__212basic_stringIwNS_11char_traitsIwEENS_9allocatorIwEEE2atEj), (40 bytes).
    Removing string.cpp.o(.ARM.exidx.text._ZNSt3__212basic_stringIwNS_11char_traitsIwEENS_9allocatorIwEEE2atEj), (8 bytes).
    Removing string.cpp.o(.text._ZNKSt3__212basic_stringIwNS_11char_traitsIwEENS_9allocatorIwEEE4findEPKwjj), (134 bytes).
    Removing string.cpp.o(.ARM.exidx.text._ZNKSt3__212basic_stringIwNS_11char_traitsIwEENS_9allocatorIwEEE4findEPKwjj), (8 bytes).
    Removing string.cpp.o(.text._ZNKSt3__212basic_stringIwNS_11char_traitsIwEENS_9allocatorIwEEE7compareEjjRKS5_jj), (94 bytes).
    Removing string.cpp.o(.ARM.exidx.text._ZNKSt3__212basic_stringIwNS_11char_traitsIwEENS_9allocatorIwEEE7compareEjjRKS5_jj), (8 bytes).
    Removing string.cpp.o(.text._ZNSt3__212basic_stringIwNS_11char_traitsIwEENS_9allocatorIwEEE6appendEPKw), (26 bytes).
    Removing string.cpp.o(.ARM.exidx.text._ZNSt3__212basic_stringIwNS_11char_traitsIwEENS_9allocatorIwEEE6appendEPKw), (8 bytes).
    Removing string.cpp.o(.text._ZNSt3__212basic_stringIwNS_11char_traitsIwEENS_9allocatorIwEEE7replaceEjjRKS5_jj), (64 bytes).
    Removing string.cpp.o(.ARM.exidx.text._ZNSt3__212basic_stringIwNS_11char_traitsIwEENS_9allocatorIwEEE7replaceEjjRKS5_jj), (8 bytes).
    Removing string.cpp.o(.text._ZNSt3__212basic_stringIwNS_11char_traitsIwEENS_9allocatorIwEEE6insertENS_11__wrap_iterIPKwEEw), (148 bytes).
    Removing string.cpp.o(.ARM.exidx.text._ZNSt3__212basic_stringIwNS_11char_traitsIwEENS_9allocatorIwEEE6insertENS_11__wrap_iterIPKwEEw), (8 bytes).
    Removing string.cpp.o(.text._ZNSt3__212basic_stringIwNS_11char_traitsIwEENS_9allocatorIwEEE6resizeEjw), (58 bytes).
    Removing string.cpp.o(.ARM.exidx.text._ZNSt3__212basic_stringIwNS_11char_traitsIwEENS_9allocatorIwEEE6resizeEjw), (8 bytes).
    Removing string.cpp.o(.text._ZNSt3__212basic_stringIwNS_11char_traitsIwEENS_9allocatorIwEEE6insertEjRKS5_jj), (60 bytes).
    Removing string.cpp.o(.ARM.exidx.text._ZNSt3__212basic_stringIwNS_11char_traitsIwEENS_9allocatorIwEEE6insertEjRKS5_jj), (8 bytes).
    Removing string.cpp.o(.text._ZNSt3__2plIcNS_11char_traitsIcEENS_9allocatorIcEEEENS_12basic_stringIT_T0_T1_EEPKS6_RKS9_), (108 bytes).
    Removing string.cpp.o(.ARM.exidx.text._ZNSt3__2plIcNS_11char_traitsIcEENS_9allocatorIcEEEENS_12basic_stringIT_T0_T1_EEPKS6_RKS9_), (8 bytes).
    Removing string.cpp.o(.text._ZNSt3__212basic_stringIcNS_11char_traitsIcEENS_9allocatorIcEEEC2B6v16000ENS_24__uninitialized_size_tagEjRKS4_), (64 bytes).
    Removing string.cpp.o(.ARM.exidx.text._ZNSt3__212basic_stringIcNS_11char_traitsIcEENS_9allocatorIcEEEC2B6v16000ENS_24__uninitialized_size_tagEjRKS4_), (8 bytes).
    Removing string.cpp.o(.text._ZNSt3__212basic_stringIcNS_11char_traitsIcEENS_9allocatorIcEEEC2B6v16000IDnEEPKc), (88 bytes).
    Removing string.cpp.o(.ARM.exidx.text._ZNSt3__212basic_stringIcNS_11char_traitsIcEENS_9allocatorIcEEEC2B6v16000IDnEEPKc), (8 bytes).
    Removing string.cpp.o(.text._ZSt28__throw_bad_array_new_lengthB6v16000v), (4 bytes).
    Removing string.cpp.o(.ARM.exidx.text._ZSt28__throw_bad_array_new_lengthB6v16000v), (8 bytes).
    Removing string.cpp.o(.text._ZNKSt3__217basic_string_viewIcNS_11char_traitsIcEEE7compareES3_), (46 bytes).
    Removing string.cpp.o(.ARM.exidx.text._ZNKSt3__217basic_string_viewIcNS_11char_traitsIcEEE7compareES3_), (8 bytes).
    Removing string.cpp.o(.text._ZNKSt3__217basic_string_viewIwNS_11char_traitsIwEEE7compareES3_), (50 bytes).
    Removing string.cpp.o(.ARM.exidx.text._ZNKSt3__217basic_string_viewIwNS_11char_traitsIwEEE7compareES3_), (8 bytes).
    Removing string.cpp.o(.text._ZNSt3__26__itoa13__base_10_u32B6v16000EPcj), (862 bytes).
    Removing string.cpp.o(.ARM.exidx.text._ZNSt3__26__itoa13__base_10_u32B6v16000EPcj), (8 bytes).
    Removing string.cpp.o(.text._ZNSt3__26__itoa10__append10B6v16000IjEEPcS2_T_), (202 bytes).
    Removing string.cpp.o(.ARM.exidx.text._ZNSt3__26__itoa10__append10B6v16000IjEEPcS2_T_), (8 bytes).
    Removing string.cpp.o(.text._ZNSt3__26__itoa13__traits_baseIyvE9__convertB6v16000EPcy), (112 bytes).
    Removing string.cpp.o(.ARM.exidx.text._ZNSt3__26__itoa13__traits_baseIyvE9__convertB6v16000EPcy), (8 bytes).
    Removing string.cpp.o(.text._ZNSt3__26__itoa10__append10B6v16000IyEEPcS2_T_), (198 bytes).
    Removing string.cpp.o(.ARM.exidx.text._ZNSt3__26__itoa10__append10B6v16000IyEEPcS2_T_), (8 bytes).
    Removing string.cpp.o(.rodata._ZNSt3__212basic_stringIcNS_11char_traitsIcEENS_9allocatorIcEEE4nposE), (4 bytes).
    Removing string.cpp.o(.rodata._ZNSt3__212basic_stringIwNS_11char_traitsIwEENS_9allocatorIwEEE4nposE), (4 bytes).
    Removing string.cpp.o(.rodata._ZNSt3__26__itoa7__tableIvE10__pow10_32E), (40 bytes).
    Removing string.cpp.o(.rodata._ZNSt3__26__itoa7__tableIvE16__digits_base_10E), (200 bytes).
    Removing string.cpp.o(.rodata._ZNSt3__26__itoa7__tableIvE10__pow10_64E), (160 bytes).

965 unused section(s) (total 53349 bytes) removed from the image.

==============================================================================

Image Symbol Table

    Local Symbols

    Symbol Name                              Value     Ov Type        Size  Object(Section)

    ../clib/angel/boardlib.s                 0x00000000   Number         0  boardinit1.o ABSOLUTE
    ../clib/angel/boardlib.s                 0x00000000   Number         0  boardinit2.o ABSOLUTE
    ../clib/angel/boardlib.s                 0x00000000   Number         0  boardinit3.o ABSOLUTE
    ../clib/angel/boardlib.s                 0x00000000   Number         0  boardshut.o ABSOLUTE
    ../clib/angel/handlers.s                 0x00000000   Number         0  __scatter_copy.o ABSOLUTE
    ../clib/angel/handlers.s                 0x00000000   Number         0  __scatter_zi.o ABSOLUTE
    ../clib/angel/kernel.s                   0x00000000   Number         0  __rtentry.o ABSOLUTE
    ../clib/angel/kernel.s                   0x00000000   Number         0  __rtentry2.o ABSOLUTE
    ../clib/angel/kernel.s                   0x00000000   Number         0  __rtentry4.o ABSOLUTE
    ../clib/angel/kernel.s                   0x00000000   Number         0  rtexit.o ABSOLUTE
    ../clib/angel/kernel.s                   0x00000000   Number         0  rtexit2.o ABSOLUTE
    ../clib/angel/rt.s                       0x00000000   Number         0  rt_errno_addr.o ABSOLUTE
    ../clib/angel/rt.s                       0x00000000   Number         0  rt_errno_addr_intlibspace.o ABSOLUTE
    ../clib/angel/rt.s                       0x00000000   Number         0  rt_ctype_table.o ABSOLUTE
    ../clib/angel/rt.s                       0x00000000   Number         0  aeabi_ldiv0.o ABSOLUTE
    ../clib/angel/rt.s                       0x00000000   Number         0  aeabi_ldiv0_sigfpe.o ABSOLUTE
    ../clib/angel/rt.s                       0x00000000   Number         0  rt_div0.o ABSOLUTE
    ../clib/angel/rt.s                       0x00000000   Number         0  rt_raise.o ABSOLUTE
    ../clib/angel/rt.s                       0x00000000   Number         0  rt_heap_descriptor.o ABSOLUTE
    ../clib/angel/rt.s                       0x00000000   Number         0  rt_heap_descriptor_intlibspace.o ABSOLUTE
    ../clib/angel/rt.s                       0x00000000   Number         0  rt_locale.o ABSOLUTE
    ../clib/angel/rt.s                       0x00000000   Number         0  rt_locale_intlibspace.o ABSOLUTE
    ../clib/angel/scatter.s                  0x00000000   Number         0  __scatter.o ABSOLUTE
    ../clib/angel/startup.s                  0x00000000   Number         0  __main.o ABSOLUTE
    ../clib/angel/sys.s                      0x00000000   Number         0  libspace.o ABSOLUTE
    ../clib/angel/sys.s                      0x00000000   Number         0  use_no_semi.o ABSOLUTE
    ../clib/angel/sys.s                      0x00000000   Number         0  mutex_dummy.o ABSOLUTE
    ../clib/angel/sys.s                      0x00000000   Number         0  indicate_semi.o ABSOLUTE
    ../clib/angel/sys.s                      0x00000000   Number         0  sys_stackheap_outer.o ABSOLUTE
    ../clib/angel/sysapp.c                   0x00000000   Number         0  sys_exit.o ABSOLUTE
    ../clib/angel/sysapp.c                   0x00000000   Number         0  sys_exit_hlt.o ABSOLUTE
    ../clib/angel/sysapp.c                   0x00000000   Number         0  sys_io_names.o ABSOLUTE
    ../clib/angel/sysapp.c                   0x00000000   Number         0  sys_io.o ABSOLUTE
    ../clib/angel/sysapp.c                   0x00000000   Number         0  sys_command.o ABSOLUTE
    ../clib/angel/sysapp.c                   0x00000000   Number         0  sys_io_hlt.o ABSOLUTE
    ../clib/angel/sysapp.c                   0x00000000   Number         0  sys_command_hlt.o ABSOLUTE
    ../clib/angel/sysapp.c                   0x00000000   Number         0  sys_wrch.o ABSOLUTE
    ../clib/angel/sysapp.c                   0x00000000   Number         0  sys_wrch_hlt.o ABSOLUTE
    ../clib/armsys.c                         0x00000000   Number         0  _get_argv.o ABSOLUTE
    ../clib/armsys.c                         0x00000000   Number         0  argv_veneer.o ABSOLUTE
    ../clib/armsys.c                         0x00000000   Number         0  argv_veneer.o ABSOLUTE
    ../clib/armsys.c                         0x00000000   Number         0  _get_argv_nomalloc.o ABSOLUTE
    ../clib/armsys.c                         0x00000000   Number         0  no_argv.o ABSOLUTE
    ../clib/assert.c                         0x00000000   Number         0  assert_stdio.o ABSOLUTE
    ../clib/bigflt.c                         0x00000000   Number         0  bigflt0.o ABSOLUTE
    ../clib/btod.s                           0x00000000   Number         0  btod.o ABSOLUTE
    ../clib/btod_accurate.c                  0x00000000   Number         0  btod_accurate.o ABSOLUTE
    ../clib/btod_accurate.c                  0x00000000   Number         0  btod_accurate_common.o ABSOLUTE
    ../clib/btod_accurate.c                  0x00000000   Number         0  dtob_accurate.o ABSOLUTE
    ../clib/ctype.c                          0x00000000   Number         0  _iswspace.o ABSOLUTE
    ../clib/ctype.c                          0x00000000   Number         0  isspace.o ABSOLUTE
    ../clib/ctype.c                          0x00000000   Number         0  wclass_c.o ABSOLUTE
    ../clib/fenv.c                           0x00000000   Number         0  _rserrno.o ABSOLUTE
    ../clib/heap1.c                          0x00000000   Number         0  h1_alloc.o ABSOLUTE
    ../clib/heap1.c                          0x00000000   Number         0  h1_free.o ABSOLUTE
    ../clib/heap1.c                          0x00000000   Number         0  h1_memalign.o ABSOLUTE
    ../clib/heap1.c                          0x00000000   Number         0  h1_alloc_threads.o ABSOLUTE
    ../clib/heap1.c                          0x00000000   Number         0  h1_free_threads.o ABSOLUTE
    ../clib/heap1.c                          0x00000000   Number         0  h1_memalign_threads.o ABSOLUTE
    ../clib/heap1.c                          0x00000000   Number         0  h1_init.o ABSOLUTE
    ../clib/heap1.c                          0x00000000   Number         0  h1_init_threads.o ABSOLUTE
    ../clib/heap1.c                          0x00000000   Number         0  h1_extend.o ABSOLUTE
    ../clib/heap1.c                          0x00000000   Number         0  h1_extend_threads.o ABSOLUTE
    ../clib/heap1.c                          0x00000000   Number         0  h1_final.o ABSOLUTE
    ../clib/heap1.c                          0x00000000   Number         0  h1_final_threads.o ABSOLUTE
    ../clib/heap2.c                          0x00000000   Number         0  heap2.o ABSOLUTE
    ../clib/heap2.c                          0x00000000   Number         0  heap2_threads.o ABSOLUTE
    ../clib/heap2.c                          0x00000000   Number         0  fdtree.o ABSOLUTE
    ../clib/heapalloc.c                      0x00000000   Number         0  malloc.o ABSOLUTE
    ../clib/heapalloc.c                      0x00000000   Number         0  free.o ABSOLUTE
    ../clib/heapalloc.c                      0x00000000   Number         0  hguard.o ABSOLUTE
    ../clib/heapalloc.c                      0x00000000   Number         0  init_alloc.o ABSOLUTE
    ../clib/heapalloc.c                      0x00000000   Number         0  heapstubs.o ABSOLUTE
    ../clib/heapalloc.c                      0x00000000   Number         0  hrguard.o ABSOLUTE
    ../clib/heapalloc.c                      0x00000000   Number         0  term_alloc.o ABSOLUTE
    ../clib/heapaux.c                        0x00000000   Number         0  heapauxi.o ABSOLUTE
    ../clib/heapaux.c                        0x00000000   Number         0  heapauxa.o ABSOLUTE
    ../clib/libinit.s                        0x00000000   Number         0  libinit.o ABSOLUTE
    ../clib/libinit.s                        0x00000000   Number         0  libinit2.o ABSOLUTE
    ../clib/libinit.s                        0x00000000   Number         0  libshutdown2.o ABSOLUTE
    ../clib/libinit.s                        0x00000000   Number         0  libshutdown.o ABSOLUTE
    ../clib/locale.s                         0x00000000   Number         0  lc_ctype_c.o ABSOLUTE
    ../clib/locale.s                         0x00000000   Number         0  lc_numeric_c.o ABSOLUTE
    ../clib/longlong.s                       0x00000000   Number         0  lludivv7m.o ABSOLUTE
    ../clib/longlong.s                       0x00000000   Number         0  lludiv10.o ABSOLUTE
    ../clib/longlong.s                       0x00000000   Number         0  llshl.o ABSOLUTE
    ../clib/longlong.s                       0x00000000   Number         0  llushr.o ABSOLUTE
    ../clib/maybe.s                          0x00000000   Number         0  maybetermalloc1.o ABSOLUTE
    ../clib/maybe.s                          0x00000000   Number         0  maybetermalloc2.o ABSOLUTE
    ../clib/memcpset.s                       0x00000000   Number         0  rt_memcpy_v6.o ABSOLUTE
    ../clib/memcpset.s                       0x00000000   Number         0  rt_memmove_v6.o ABSOLUTE
    ../clib/memcpset.s                       0x00000000   Number         0  aeabi_memset.o ABSOLUTE
    ../clib/memcpset.s                       0x00000000   Number         0  rt_memclr.o ABSOLUTE
    ../clib/memcpset.s                       0x00000000   Number         0  rt_memcpy_w.o ABSOLUTE
    ../clib/memcpset.s                       0x00000000   Number         0  rt_memmove_w.o ABSOLUTE
    ../clib/memcpset.s                       0x00000000   Number         0  rt_memclr_w.o ABSOLUTE
    ../clib/memcpset.s                       0x00000000   Number         0  strcmpv7m.o ABSOLUTE
    ../clib/misc.s                           0x00000000   Number         0  printf_stubs.o ABSOLUTE
    ../clib/printf.c                         0x00000000   Number         0  __2fprintf.o ABSOLUTE
    ../clib/printf.c                         0x00000000   Number         0  __2snprintf.o ABSOLUTE
    ../clib/printf.c                         0x00000000   Number         0  __2swprintf.o ABSOLUTE
    ../clib/printf.c                         0x00000000   Number         0  noretval__2fprintf.o ABSOLUTE
    ../clib/printf.c                         0x00000000   Number         0  noretval__2snprintf.o ABSOLUTE
    ../clib/printf.c                         0x00000000   Number         0  noretval__2swprintf.o ABSOLUTE
    ../clib/printf.c                         0x00000000   Number         0  __printf.o ABSOLUTE
    ../clib/printf.c                         0x00000000   Number         0  _printf_str.o ABSOLUTE
    ../clib/printf.c                         0x00000000   Number         0  __printf_flags.o ABSOLUTE
    ../clib/printf.c                         0x00000000   Number         0  __printf_ss.o ABSOLUTE
    ../clib/printf.c                         0x00000000   Number         0  __printf_flags_ss.o ABSOLUTE
    ../clib/printf.c                         0x00000000   Number         0  __printf_wp.o ABSOLUTE
    ../clib/printf.c                         0x00000000   Number         0  __printf_flags_wp.o ABSOLUTE
    ../clib/printf.c                         0x00000000   Number         0  __printf_ss_wp.o ABSOLUTE
    ../clib/printf.c                         0x00000000   Number         0  __printf_flags_ss_wp.o ABSOLUTE
    ../clib/printf.c                         0x00000000   Number         0  _printf_fp_dec.o ABSOLUTE
    ../clib/printf.c                         0x00000000   Number         0  _printf_fp_dec_accurate.o ABSOLUTE
    ../clib/printf.c                         0x00000000   Number         0  _printf_char_common.o ABSOLUTE
    ../clib/printf.c                         0x00000000   Number         0  _snputc.o ABSOLUTE
    ../clib/printf.c                         0x00000000   Number         0  _printf_char.o ABSOLUTE
    ../clib/printf.c                         0x00000000   Number         0  _printf_char_file.o ABSOLUTE
    ../clib/printf.c                         0x00000000   Number         0  _printf_wchar_common.o ABSOLUTE
    ../clib/printf.c                         0x00000000   Number         0  _snputwc.o ABSOLUTE
    ../clib/printf.c                         0x00000000   Number         0  _printf_fp_infnan.o ABSOLUTE
    ../clib/printf.c                         0x00000000   Number         0  __printf_nopercent.o ABSOLUTE
    ../clib/printf.c                         0x00000000   Number         0  _printf_char_file_locked.o ABSOLUTE
    ../clib/printf_percent.s                 0x00000000   Number         0  _printf_s.o ABSOLUTE
    ../clib/printf_percent.s                 0x00000000   Number         0  _printf_f.o ABSOLUTE
    ../clib/printf_percent.s                 0x00000000   Number         0  _printf_percent.o ABSOLUTE
    ../clib/printf_percent.s                 0x00000000   Number         0  _printf_percent_end.o ABSOLUTE
    ../clib/scanf.c                          0x00000000   Number         0  strtol.o ABSOLUTE
    ../clib/scanf.c                          0x00000000   Number         0  strtoul.o ABSOLUTE
    ../clib/scanf.c                          0x00000000   Number         0  strtoll.o ABSOLUTE
    ../clib/scanf.c                          0x00000000   Number         0  strtoull.o ABSOLUTE
    ../clib/scanf.c                          0x00000000   Number         0  wcstol.o ABSOLUTE
    ../clib/scanf.c                          0x00000000   Number         0  wcstoul.o ABSOLUTE
    ../clib/scanf.c                          0x00000000   Number         0  wcstoll.o ABSOLUTE
    ../clib/scanf.c                          0x00000000   Number         0  wcstoull.o ABSOLUTE
    ../clib/scanf.c                          0x00000000   Number         0  _strtoul.o ABSOLUTE
    ../clib/scanf.c                          0x00000000   Number         0  strtod.o ABSOLUTE
    ../clib/scanf.c                          0x00000000   Number         0  strtof.o ABSOLUTE
    ../clib/scanf.c                          0x00000000   Number         0  __strtoll.o ABSOLUTE
    ../clib/scanf.c                          0x00000000   Number         0  __strtoull.o ABSOLUTE
    ../clib/scanf.c                          0x00000000   Number         0  _wcstoul.o ABSOLUTE
    ../clib/scanf.c                          0x00000000   Number         0  wcstod.o ABSOLUTE
    ../clib/scanf.c                          0x00000000   Number         0  wcstof.o ABSOLUTE
    ../clib/scanf.c                          0x00000000   Number         0  __wcstoll.o ABSOLUTE
    ../clib/scanf.c                          0x00000000   Number         0  __wcstoull.o ABSOLUTE
    ../clib/scanf.c                          0x00000000   Number         0  _chval.o ABSOLUTE
    ../clib/scanf.c                          0x00000000   Number         0  _sgetc.o ABSOLUTE
    ../clib/scanf.c                          0x00000000   Number         0  _strtoull.o ABSOLUTE
    ../clib/scanf.c                          0x00000000   Number         0  _wsgetc.o ABSOLUTE
    ../clib/scanf.c                          0x00000000   Number         0  _wcstoull.o ABSOLUTE
    ../clib/scanf.c                          0x00000000   Number         0  scanf_fp.o ABSOLUTE
    ../clib/scanf.c                          0x00000000   Number         0  scanf_fp_accurate.o ABSOLUTE
    ../clib/scanf.c                          0x00000000   Number         0  scanf_hexfp.o ABSOLUTE
    ../clib/scanf.c                          0x00000000   Number         0  scanf_infnan.o ABSOLUTE
    ../clib/signal.c                         0x00000000   Number         0  defsig_abrt_outer.o ABSOLUTE
    ../clib/signal.c                         0x00000000   Number         0  defsig_abrt_formal.o ABSOLUTE
    ../clib/signal.c                         0x00000000   Number         0  defsig_exit.o ABSOLUTE
    ../clib/signal.c                         0x00000000   Number         0  defsig_abrt_inner.o ABSOLUTE
    ../clib/signal.c                         0x00000000   Number         0  defsig_rtred_outer.o ABSOLUTE
    ../clib/signal.c                         0x00000000   Number         0  defsig_rtred_formal.o ABSOLUTE
    ../clib/signal.c                         0x00000000   Number         0  __raise.o ABSOLUTE
    ../clib/signal.c                         0x00000000   Number         0  defsig_general.o ABSOLUTE
    ../clib/signal.c                         0x00000000   Number         0  defsig_fpe_outer.o ABSOLUTE
    ../clib/signal.c                         0x00000000   Number         0  defsig_fpe_formal.o ABSOLUTE
    ../clib/signal.c                         0x00000000   Number         0  defsig_rtred_inner.o ABSOLUTE
    ../clib/signal.c                         0x00000000   Number         0  defsig_rtmem_outer.o ABSOLUTE
    ../clib/signal.c                         0x00000000   Number         0  defsig_rtmem_formal.o ABSOLUTE
    ../clib/signal.c                         0x00000000   Number         0  defsig_fpe_inner.o ABSOLUTE
    ../clib/signal.c                         0x00000000   Number         0  defsig_rtmem_inner.o ABSOLUTE
    ../clib/signal.c                         0x00000000   Number         0  defsig_stak_inner.o ABSOLUTE
    ../clib/signal.c                         0x00000000   Number         0  defsig_pvfn_inner.o ABSOLUTE
    ../clib/signal.c                         0x00000000   Number         0  defsig_cppl_inner.o ABSOLUTE
    ../clib/signal.c                         0x00000000   Number         0  defsig_segv_inner.o ABSOLUTE
    ../clib/signal.c                         0x00000000   Number         0  defsig_other.o ABSOLUTE
    ../clib/signal.s                         0x00000000   Number         0  defsig.o ABSOLUTE
    ../clib/stdio.c                          0x00000000   Number         0  stdio_streams.o ABSOLUTE
    ../clib/stdio.c                          0x00000000   Number         0  initio.o ABSOLUTE
    ../clib/stdio.c                          0x00000000   Number         0  initio_locked.o ABSOLUTE
    ../clib/stdio.c                          0x00000000   Number         0  ferror.o ABSOLUTE
    ../clib/stdio.c                          0x00000000   Number         0  fputc.o ABSOLUTE
    ../clib/stdio.c                          0x00000000   Number         0  setvbuf.o ABSOLUTE
    ../clib/stdio.c                          0x00000000   Number         0  streamlock.o ABSOLUTE
    ../clib/stdio.c                          0x00000000   Number         0  fopen.o ABSOLUTE
    ../clib/stdio.c                          0x00000000   Number         0  fclose.o ABSOLUTE
    ../clib/stdio.c                          0x00000000   Number         0  fputc_locked.o ABSOLUTE
    ../clib/stdio.c                          0x00000000   Number         0  ferror_locked.o ABSOLUTE
    ../clib/stdio.c                          0x00000000   Number         0  setvbuf_locked.o ABSOLUTE
    ../clib/stdio.c                          0x00000000   Number         0  fopen_locked.o ABSOLUTE
    ../clib/stdio.c                          0x00000000   Number         0  flsbuf.o ABSOLUTE
    ../clib/stdio.c                          0x00000000   Number         0  fseek.o ABSOLUTE
    ../clib/stdio.c                          0x00000000   Number         0  stdio.o ABSOLUTE
    ../clib/stdio.c                          0x00000000   Number         0  ftell.o ABSOLUTE
    ../clib/stdio.c                          0x00000000   Number         0  fwritefast.o ABSOLUTE
    ../clib/stdio.c                          0x00000000   Number         0  fwritefast_locked.o ABSOLUTE
    ../clib/stdio.c                          0x00000000   Number         0  fflush.o ABSOLUTE
    ../clib/stdio.c                          0x00000000   Number         0  fputs.o ABSOLUTE
    ../clib/stdio.c                          0x00000000   Number         0  fputs_locked.o ABSOLUTE
    ../clib/stdio.c                          0x00000000   Number         0  fflush_locked.o ABSOLUTE
    ../clib/stdlib.c                         0x00000000   Number         0  abort.o ABSOLUTE
    ../clib/stdlib.c                         0x00000000   Number         0  exit.o ABSOLUTE
    ../clib/string.c                         0x00000000   Number         0  memcmp.o ABSOLUTE
    ../clib/string.c                         0x00000000   Number         0  strlen.o ABSOLUTE
    ../clib/string.c                         0x00000000   Number         0  wmemcmp.o ABSOLUTE
    ../clib/string.c                         0x00000000   Number         0  wmemchr.o ABSOLUTE
    ../clib/string.c                         0x00000000   Number         0  wcslen.o ABSOLUTE
    ../clib/string.c                         0x00000000   Number         0  memchr.o ABSOLUTE
    ../clib/wchar.c                          0x00000000   Number         0  flsbuf_fwide.o ABSOLUTE
    ../fplib/d2f.s                           0x00000000   Number         0  d2f.o ABSOLUTE
    ../fplib/daddsub.s                       0x00000000   Number         0  daddsub_clz.o ABSOLUTE
    ../fplib/dcheck1.s                       0x00000000   Number         0  dcheck1.o ABSOLUTE
    ../fplib/dcmp.s                          0x00000000   Number         0  dcmp.o ABSOLUTE
    ../fplib/dcmpi.s                         0x00000000   Number         0  dcmpi.o ABSOLUTE
    ../fplib/ddiv.s                          0x00000000   Number         0  ddiv.o ABSOLUTE
    ../fplib/deqf.s                          0x00000000   Number         0  deqf.o ABSOLUTE
    ../fplib/dfixu.s                         0x00000000   Number         0  dfixu.o ABSOLUTE
    ../fplib/dflt.s                          0x00000000   Number         0  dflt_clz.o ABSOLUTE
    ../fplib/dgeqf.s                         0x00000000   Number         0  dgeqf.o ABSOLUTE
    ../fplib/dleqf.s                         0x00000000   Number         0  dleqf.o ABSOLUTE
    ../fplib/dmul.s                          0x00000000   Number         0  dmul.o ABSOLUTE
    ../fplib/dnaninf.s                       0x00000000   Number         0  dnaninf.o ABSOLUTE
    ../fplib/dretinf.s                       0x00000000   Number         0  dretinf.o ABSOLUTE
    ../fplib/drleqf.s                        0x00000000   Number         0  drleqf.o ABSOLUTE
    ../fplib/f2d.s                           0x00000000   Number         0  f2d.o ABSOLUTE
    ../fplib/fcmp.s                          0x00000000   Number         0  fcmp.o ABSOLUTE
    ../fplib/fcmpi.s                         0x00000000   Number         0  fcmpi.o ABSOLUTE
    ../fplib/fdiv.s                          0x00000000   Number         0  fdiv.o ABSOLUTE
    ../fplib/feqf.s                          0x00000000   Number         0  feqf.o ABSOLUTE
    ../fplib/fflt.s                          0x00000000   Number         0  fflt_clz.o ABSOLUTE
    ../fplib/fgeqf.s                         0x00000000   Number         0  fgeqf.o ABSOLUTE
    ../fplib/fleqf.s                         0x00000000   Number         0  fleqf.o ABSOLUTE
    ../fplib/fnaninf.s                       0x00000000   Number         0  fnaninf.o ABSOLUTE
    ../fplib/fpconst.s                       0x00000000   Number         0  fpconst.o ABSOLUTE
    ../fplib/fpinit.s                        0x00000000   Number         0  fpinit.o ABSOLUTE
    ../fplib/fpinit_empty.s                  0x00000000   Number         0  fpinit_empty.o ABSOLUTE
    ../fplib/fretinf.s                       0x00000000   Number         0  fretinf.o ABSOLUTE
    ../fplib/istatus.s                       0x00000000   Number         0  istatus.o ABSOLUTE
    ../fplib/printf1.s                       0x00000000   Number         0  printf1.o ABSOLUTE
    ../fplib/retnan.s                        0x00000000   Number         0  retnan.o ABSOLUTE
    ../fplib/scalbn.s                        0x00000000   Number         0  scalbn.o ABSOLUTE
    ../fplib/scanf1.s                        0x00000000   Number         0  scanf1.o ABSOLUTE
    ../fplib/scanf2.s                        0x00000000   Number         0  scanf2.o ABSOLUTE
    ../fplib/scanf2a.s                       0x00000000   Number         0  scanf2a.o ABSOLUTE
    ../fplib/scanf2b.s                       0x00000000   Number         0  scanf2b.o ABSOLUTE
    ../fplib/trapv.s                         0x00000000   Number         0  trapv.o ABSOLUTE
    ../fplib/usenofp.s                       0x00000000   Number         0  usenofp.o ABSOLUTE
    ../mathlib/dunder.c                      0x00000000   Number         0  dunder.o ABSOLUTE
    ../mathlib/fpclassify.c                  0x00000000   Number         0  fpclassify.o ABSOLUTE
    ../mathlib/frexp.c                       0x00000000   Number         0  frexp.o ABSOLUTE
    ../mathlib/ldexp.c                       0x00000000   Number         0  ldexp.o ABSOLUTE
    ../mathlib/narrow.c                      0x00000000   Number         0  narrow.o ABSOLUTE
    ../mathlib/strtod.c                      0x00000000   Number         0  strtod.o ABSOLUTE
    ../mathlib/strtof.c                      0x00000000   Number         0  strtof.o ABSOLUTE
    ../mathlib/strtold.c                     0x00000000   Number         0  strtold.o ABSOLUTE
    ../mathlib/wcstod.c                      0x00000000   Number         0  wcstod.o ABSOLUTE
    ../mathlib/wcstof.c                      0x00000000   Number         0  wcstof.o ABSOLUTE
    ../mathlib/wcstold.c                     0x00000000   Number         0  wcstold.o ABSOLUTE
    Servo.cpp                                0x00000000   Number         0  servo.o ABSOLUTE
    std::__2::basic_string<char, std::__2::char_traits<char>, std::__2::allocator<char>>::basic_string(std::__2::basic_string<char, std::__2::char_traits<char>, std::__2::allocator<char>> const&, unsigned int, unsigned int, std::__2::allocator<char> const&) 0x00000000   Number         0  string.cpp.o ABSOLUTE
    std::__2::basic_string<char, std::__2::char_traits<char>, std::__2::allocator<char>>::~basic_string() 0x00000000   Number         0  string.cpp.o ABSOLUTE
    std::__2::basic_string<wchar_t, std::__2::char_traits<wchar_t>, std::__2::allocator<wchar_t>>::basic_string(std::__2::basic_string<wchar_t, std::__2::char_traits<wchar_t>, std::__2::allocator<wchar_t>> const&, unsigned int, unsigned int, std::__2::allocator<wchar_t> const&) 0x00000000   Number         0  string.cpp.o ABSOLUTE
    std::__2::basic_string<wchar_t, std::__2::char_traits<wchar_t>, std::__2::allocator<wchar_t>>::~basic_string() 0x00000000   Number         0  string.cpp.o ABSOLUTE
    abort_message.cpp                        0x00000000   Number         0  abort_message.cpp.o ABSOLUTE
    cxa_default_handlers.cpp                 0x00000000   Number         0  cxa_default_handlers.cpp.o ABSOLUTE
    cxa_handlers.cpp                         0x00000000   Number         0  cxa_handlers.cpp.o ABSOLUTE
    dc.s                                     0x00000000   Number         0  dc.o ABSOLUTE
    main.c                                   0x00000000   Number         0  main.o ABSOLUTE
    new.cpp                                  0x00000000   Number         0  new.cpp.o ABSOLUTE
    startup_stm32f103xb.s                    0x00000000   Number         0  startup_stm32f103xb.o ABSOLUTE
    stm32f1xx_hal.c                          0x00000000   Number         0  stm32f1xx_hal.o ABSOLUTE
    stm32f1xx_hal_cortex.c                   0x00000000   Number         0  stm32f1xx_hal_cortex.o ABSOLUTE
    stm32f1xx_hal_dma.c                      0x00000000   Number         0  stm32f1xx_hal_dma.o ABSOLUTE
    stm32f1xx_hal_exti.c                     0x00000000   Number         0  stm32f1xx_hal_exti.o ABSOLUTE
    stm32f1xx_hal_flash.c                    0x00000000   Number         0  stm32f1xx_hal_flash.o ABSOLUTE
    stm32f1xx_hal_flash_ex.c                 0x00000000   Number         0  stm32f1xx_hal_flash_ex.o ABSOLUTE
    stm32f1xx_hal_gpio.c                     0x00000000   Number         0  stm32f1xx_hal_gpio.o ABSOLUTE
    stm32f1xx_hal_gpio_ex.c                  0x00000000   Number         0  stm32f1xx_hal_gpio_ex.o ABSOLUTE
    stm32f1xx_hal_msp.c                      0x00000000   Number         0  stm32f1xx_hal_msp.o ABSOLUTE
    stm32f1xx_hal_pwr.c                      0x00000000   Number         0  stm32f1xx_hal_pwr.o ABSOLUTE
    stm32f1xx_hal_rcc.c                      0x00000000   Number         0  stm32f1xx_hal_rcc.o ABSOLUTE
    stm32f1xx_hal_rcc_ex.c                   0x00000000   Number         0  stm32f1xx_hal_rcc_ex.o ABSOLUTE
    stm32f1xx_hal_tim.c                      0x00000000   Number         0  stm32f1xx_hal_tim.o ABSOLUTE
    stm32f1xx_hal_tim_ex.c                   0x00000000   Number         0  stm32f1xx_hal_tim_ex.o ABSOLUTE
    stm32f1xx_it.c                           0x00000000   Number         0  stm32f1xx_it.o ABSOLUTE
    string.cpp                               0x00000000   Number         0  string.cpp.o ABSOLUTE
    system_stm32f1xx.c                       0x00000000   Number         0  system_stm32f1xx.o ABSOLUTE
    RESET                                    0x08000000   Section      236  startup_stm32f103xb.o(RESET)
    !!!main                                  0x080000ec   Section        8  __main.o(!!!main)
    !!!scatter                               0x080000f4   Section       52  __scatter.o(!!!scatter)
    !!handler_copy                           0x08000128   Section       26  __scatter_copy.o(!!handler_copy)
    !!handler_zi                             0x08000144   Section       28  __scatter_zi.o(!!handler_zi)
    .ARM.Collect$$libinit$$00000000          0x08000160   Section        2  libinit.o(.ARM.Collect$$libinit$$00000000)
    .ARM.Collect$$libinit$$00000002          0x08000162   Section        0  libinit2.o(.ARM.Collect$$libinit$$00000002)
    .ARM.Collect$$libinit$$00000004          0x08000162   Section        0  libinit2.o(.ARM.Collect$$libinit$$00000004)
    .ARM.Collect$$libinit$$00000006          0x08000162   Section        0  libinit2.o(.ARM.Collect$$libinit$$00000006)
    .ARM.Collect$$libinit$$0000000C          0x08000162   Section        0  libinit2.o(.ARM.Collect$$libinit$$0000000C)
    .ARM.Collect$$libinit$$0000000E          0x08000162   Section        0  libinit2.o(.ARM.Collect$$libinit$$0000000E)
    .ARM.Collect$$libinit$$00000010          0x08000162   Section        0  libinit2.o(.ARM.Collect$$libinit$$00000010)
    .ARM.Collect$$libinit$$00000013          0x08000162   Section        0  libinit2.o(.ARM.Collect$$libinit$$00000013)
    .ARM.Collect$$libinit$$00000015          0x08000162   Section        0  libinit2.o(.ARM.Collect$$libinit$$00000015)
    .ARM.Collect$$libinit$$00000017          0x08000162   Section        0  libinit2.o(.ARM.Collect$$libinit$$00000017)
    .ARM.Collect$$libinit$$00000019          0x08000162   Section        0  libinit2.o(.ARM.Collect$$libinit$$00000019)
    .ARM.Collect$$libinit$$0000001B          0x08000162   Section        0  libinit2.o(.ARM.Collect$$libinit$$0000001B)
    .ARM.Collect$$libinit$$0000001D          0x08000162   Section        0  libinit2.o(.ARM.Collect$$libinit$$0000001D)
    .ARM.Collect$$libinit$$0000001F          0x08000162   Section        0  libinit2.o(.ARM.Collect$$libinit$$0000001F)
    .ARM.Collect$$libinit$$00000021          0x08000162   Section        0  libinit2.o(.ARM.Collect$$libinit$$00000021)
    .ARM.Collect$$libinit$$00000023          0x08000162   Section        0  libinit2.o(.ARM.Collect$$libinit$$00000023)
    .ARM.Collect$$libinit$$00000025          0x08000162   Section        0  libinit2.o(.ARM.Collect$$libinit$$00000025)
    .ARM.Collect$$libinit$$00000027          0x08000162   Section        0  libinit2.o(.ARM.Collect$$libinit$$00000027)
    .ARM.Collect$$libinit$$0000002E          0x08000162   Section        0  libinit2.o(.ARM.Collect$$libinit$$0000002E)
    .ARM.Collect$$libinit$$00000030          0x08000162   Section        0  libinit2.o(.ARM.Collect$$libinit$$00000030)
    .ARM.Collect$$libinit$$00000032          0x08000162   Section        0  libinit2.o(.ARM.Collect$$libinit$$00000032)
    .ARM.Collect$$libinit$$00000034          0x08000162   Section        0  libinit2.o(.ARM.Collect$$libinit$$00000034)
    .ARM.Collect$$libinit$$00000035          0x08000162   Section        2  libinit2.o(.ARM.Collect$$libinit$$00000035)
    .ARM.Collect$$libshutdown$$00000000      0x08000164   Section        2  libshutdown.o(.ARM.Collect$$libshutdown$$00000000)
    .ARM.Collect$$libshutdown$$00000002      0x08000166   Section        0  libshutdown2.o(.ARM.Collect$$libshutdown$$00000002)
    .ARM.Collect$$libshutdown$$00000004      0x08000166   Section        0  libshutdown2.o(.ARM.Collect$$libshutdown$$00000004)
    .ARM.Collect$$libshutdown$$00000007      0x08000166   Section        0  libshutdown2.o(.ARM.Collect$$libshutdown$$00000007)
    .ARM.Collect$$libshutdown$$0000000A      0x08000166   Section        0  libshutdown2.o(.ARM.Collect$$libshutdown$$0000000A)
    .ARM.Collect$$libshutdown$$0000000C      0x08000166   Section        0  libshutdown2.o(.ARM.Collect$$libshutdown$$0000000C)
    .ARM.Collect$$libshutdown$$0000000F      0x08000166   Section        0  libshutdown2.o(.ARM.Collect$$libshutdown$$0000000F)
    .ARM.Collect$$libshutdown$$00000010      0x08000166   Section        2  libshutdown2.o(.ARM.Collect$$libshutdown$$00000010)
    .ARM.Collect$$rtentry$$00000000          0x08000168   Section        0  __rtentry.o(.ARM.Collect$$rtentry$$00000000)
    .ARM.Collect$$rtentry$$00000002          0x08000168   Section        0  __rtentry2.o(.ARM.Collect$$rtentry$$00000002)
    .ARM.Collect$$rtentry$$00000004          0x08000168   Section        6  __rtentry4.o(.ARM.Collect$$rtentry$$00000004)
    .ARM.Collect$$rtentry$$00000009          0x0800016e   Section        0  __rtentry2.o(.ARM.Collect$$rtentry$$00000009)
    .ARM.Collect$$rtentry$$0000000A          0x0800016e   Section        4  __rtentry2.o(.ARM.Collect$$rtentry$$0000000A)
    .ARM.Collect$$rtentry$$0000000C          0x08000172   Section        0  __rtentry2.o(.ARM.Collect$$rtentry$$0000000C)
    .ARM.Collect$$rtentry$$0000000D          0x08000172   Section        8  __rtentry2.o(.ARM.Collect$$rtentry$$0000000D)
    .ARM.Collect$$rtexit$$00000000           0x0800017a   Section        2  rtexit.o(.ARM.Collect$$rtexit$$00000000)
    .ARM.Collect$$rtexit$$00000002           0x0800017c   Section        0  rtexit2.o(.ARM.Collect$$rtexit$$00000002)
    .ARM.Collect$$rtexit$$00000003           0x0800017c   Section        4  rtexit2.o(.ARM.Collect$$rtexit$$00000003)
    .ARM.Collect$$rtexit$$00000004           0x08000180   Section        6  rtexit2.o(.ARM.Collect$$rtexit$$00000004)
    .text                                    0x08000188   Section       64  startup_stm32f103xb.o(.text)
    .text                                    0x080001c8   Section        0  heapauxi.o(.text)
    .text                                    0x080001d0   Section        0  sys_exit.o(.text)
    .text                                    0x080001dc   Section        8  libspace.o(.text)
    .text                                    0x080001e4   Section        2  use_no_semi.o(.text)
    .text                                    0x080001e6   Section        0  indicate_semi.o(.text)
    .text                                    0x080001e6   Section       74  sys_stackheap_outer.o(.text)
    .text                                    0x08000230   Section        0  exit.o(.text)
    [Anonymous Symbol]                       0x08000244   Section        0  stm32f1xx_it.o(.text.BusFault_Handler)
    [Anonymous Symbol]                       0x08000248   Section        0  stm32f1xx_it.o(.text.DebugMon_Handler)
    [Anonymous Symbol]                       0x0800024c   Section        0  stm32f1xx_hal_gpio.o(.text.HAL_GPIO_Init)
    [Anonymous Symbol]                       0x08000468   Section        0  stm32f1xx_hal.o(.text.HAL_GetTick)
    [Anonymous Symbol]                       0x08000474   Section        0  stm32f1xx_hal.o(.text.HAL_IncTick)
    [Anonymous Symbol]                       0x08000490   Section        0  stm32f1xx_hal.o(.text.HAL_Init)
    [Anonymous Symbol]                       0x080004b8   Section        0  stm32f1xx_hal.o(.text.HAL_InitTick)
    [Anonymous Symbol]                       0x08000500   Section        0  stm32f1xx_hal_msp.o(.text.HAL_MspInit)
    [Anonymous Symbol]                       0x08000544   Section        0  stm32f1xx_hal_cortex.o(.text.HAL_NVIC_SetPriority)
    [Anonymous Symbol]                       0x0800059c   Section        0  stm32f1xx_hal_cortex.o(.text.HAL_NVIC_SetPriorityGrouping)
    [Anonymous Symbol]                       0x080005bc   Section        0  stm32f1xx_hal_rcc.o(.text.HAL_RCC_CSSCallback)
    [Anonymous Symbol]                       0x080005c0   Section        0  stm32f1xx_hal_rcc.o(.text.HAL_RCC_ClockConfig)
    [Anonymous Symbol]                       0x08000780   Section        0  stm32f1xx_hal_rcc.o(.text.HAL_RCC_EnableCSS)
    [Anonymous Symbol]                       0x0800078c   Section        0  stm32f1xx_hal_rcc.o(.text.HAL_RCC_NMI_IRQHandler)
    [Anonymous Symbol]                       0x080007a8   Section        0  stm32f1xx_hal_rcc.o(.text.HAL_RCC_OscConfig)
    [Anonymous Symbol]                       0x08000b5c   Section        0  stm32f1xx_hal_cortex.o(.text.HAL_SYSTICK_Config)
    [Anonymous Symbol]                       0x08000b88   Section        0  stm32f1xx_hal_tim_ex.o(.text.HAL_TIMEx_ConfigBreakDeadTime)
    [Anonymous Symbol]                       0x08000bd4   Section        0  stm32f1xx_hal_tim_ex.o(.text.HAL_TIMEx_MasterConfigSynchronization)
    [Anonymous Symbol]                       0x08000c50   Section        0  stm32f1xx_hal_tim.o(.text.HAL_TIM_Base_Init)
    [Anonymous Symbol]                       0x08000d3c   Section        0  stm32f1xx_hal_msp.o(.text.HAL_TIM_Base_MspInit)
    [Anonymous Symbol]                       0x08000d70   Section        0  stm32f1xx_hal_tim.o(.text.HAL_TIM_ConfigClockSource)
    [Anonymous Symbol]                       0x08000f04   Section        0  stm32f1xx_hal_msp.o(.text.HAL_TIM_MspPostInit)
    [Anonymous Symbol]                       0x08000f90   Section        0  stm32f1xx_hal_tim.o(.text.HAL_TIM_PWM_ConfigChannel)
    [Anonymous Symbol]                       0x0800118c   Section        0  stm32f1xx_hal_tim.o(.text.HAL_TIM_PWM_Init)
    [Anonymous Symbol]                       0x08001278   Section        0  stm32f1xx_hal_tim.o(.text.HAL_TIM_PWM_MspInit)
    [Anonymous Symbol]                       0x0800127c   Section        0  stm32f1xx_it.o(.text.HardFault_Handler)
    [Anonymous Symbol]                       0x08001280   Section        0  stm32f1xx_it.o(.text.MemManage_Handler)
    [Anonymous Symbol]                       0x08001284   Section        0  stm32f1xx_it.o(.text.NMI_Handler)
    [Anonymous Symbol]                       0x0800128c   Section        0  stm32f1xx_it.o(.text.PendSV_Handler)
    [Anonymous Symbol]                       0x08001290   Section        0  stm32f1xx_it.o(.text.SVC_Handler)
    [Anonymous Symbol]                       0x08001294   Section        0  stm32f1xx_it.o(.text.SysTick_Handler)
    [Anonymous Symbol]                       0x08001298   Section        0  system_stm32f1xx.o(.text.SystemInit)
    [Anonymous Symbol]                       0x0800129c   Section        0  stm32f1xx_it.o(.text.UsageFault_Handler)
    [Anonymous Symbol]                       0x080012a0   Section        0  main.o(.text.main)
    .L__const.HAL_RCC_GetSysClockFreq.aPredivFactorTable 0x08001462   Data           2  stm32f1xx_hal_rcc.o(.rodata..L__const.HAL_RCC_GetSysClockFreq.aPredivFactorTable)
    .L__const.HAL_RCC_GetSysClockFreq.aPLLMULFactorTable 0x08001474   Data          16  stm32f1xx_hal_rcc.o(.rodata.cst16)
    .L_MergedGlobals                         0x20000000   Data           8  stm32f1xx_hal.o(.data..L_MergedGlobals)
    [Anonymous Symbol]                       0x20000000   Section        0  stm32f1xx_hal.o(.data..L_MergedGlobals)
    .bss                                     0x20000010   Section       96  libspace.o(.bss)
    Heap_Mem                                 0x200000c0   Data         512  startup_stm32f103xb.o(HEAP)
    HEAP                                     0x200000c0   Section      512  startup_stm32f103xb.o(HEAP)
    Stack_Mem                                0x200002c0   Data        1024  startup_stm32f103xb.o(STACK)
    STACK                                    0x200002c0   Section     1024  startup_stm32f103xb.o(STACK)
    __initial_sp                             0x200006c0   Data           0  startup_stm32f103xb.o(STACK)

    Global Symbols

    Symbol Name                              Value     Ov Type        Size  Object(Section)

    BuildAttributes$$THM_ISAv4$P$D$K$B$S$PE$A:L22UL41UL21$X:L11$S22US41US21$IEEE1$IW$~IW$USESV6$~STKCKD$USESV7$~SHL$OTIME$ROPI$IEEEX$EBA8$UX$STANDARDLIB$REQ8$PRES8$EABIv2 0x00000000   Number         0  anon$$obj.o ABSOLUTE
    __fp_init_empty                          0x00000000   Number         0  fpinit_empty.o ABSOLUTE
    _printf_flags                            0x00000000   Number         0  printf_stubs.o ABSOLUTE
    _printf_return_value                     0x00000000   Number         0  printf_stubs.o ABSOLUTE
    _printf_sizespec                         0x00000000   Number         0  printf_stubs.o ABSOLUTE
    _printf_widthprec                        0x00000000   Number         0  printf_stubs.o ABSOLUTE
    __ARM_exceptions_init                     - Undefined Weak Reference
    __alloca_initialize                       - Undefined Weak Reference
    __arm_preinit_                            - Undefined Weak Reference
    __arm_relocate_pie_                       - Undefined Weak Reference
    __cpp_initialize__aeabi_                  - Undefined Weak Reference
    __cxa_finalize                            - Undefined Weak Reference
    __sigvec_lookup                           - Undefined Weak Reference
    __user_heap_extent                        - Undefined Weak Reference
    _atexit_init                              - Undefined Weak Reference
    _call_atexit_fns                          - Undefined Weak Reference
    _clock_init                               - Undefined Weak Reference
    _fp_trap_init                             - Undefined Weak Reference
    _fp_trap_shutdown                         - Undefined Weak Reference
    _get_lc_collate                           - Undefined Weak Reference
    _get_lc_monetary                          - Undefined Weak Reference
    _get_lc_time                              - Undefined Weak Reference
    _getenv_init                              - Undefined Weak Reference
    _handle_redirection                       - Undefined Weak Reference
    _mutex_acquire                            - Undefined Weak Reference
    _mutex_free                               - Undefined Weak Reference
    _mutex_release                            - Undefined Weak Reference
    _printf_mbtowc                            - Undefined Weak Reference
    _printf_post_padding                      - Undefined Weak Reference
    _printf_pre_padding                       - Undefined Weak Reference
    _rand_init                                - Undefined Weak Reference
    _signal_finish                            - Undefined Weak Reference
    _signal_init                              - Undefined Weak Reference
    __Vectors_Size                           0x000000ec   Number         0  startup_stm32f103xb.o ABSOLUTE
    __Vectors                                0x08000000   Data           4  startup_stm32f103xb.o(RESET)
    __Vectors_End                            0x080000ec   Data           0  startup_stm32f103xb.o(RESET)
    __main                                   0x080000ed   Thumb Code     8  __main.o(!!!main)
    __scatterload                            0x080000f5   Thumb Code     0  __scatter.o(!!!scatter)
    __scatterload_rt2                        0x080000f5   Thumb Code    44  __scatter.o(!!!scatter)
    __scatterload_rt2_thumb_only             0x080000f5   Thumb Code     0  __scatter.o(!!!scatter)
    __scatterload_null                       0x08000103   Thumb Code     0  __scatter.o(!!!scatter)
    __scatterload_copy                       0x08000129   Thumb Code    26  __scatter_copy.o(!!handler_copy)
    __scatterload_zeroinit                   0x08000145   Thumb Code    28  __scatter_zi.o(!!handler_zi)
    __rt_lib_init                            0x08000161   Thumb Code     0  libinit.o(.ARM.Collect$$libinit$$00000000)
    __rt_lib_init_alloca_1                   0x08000163   Thumb Code     0  libinit2.o(.ARM.Collect$$libinit$$00000030)
    __rt_lib_init_argv_1                     0x08000163   Thumb Code     0  libinit2.o(.ARM.Collect$$libinit$$0000002E)
    __rt_lib_init_atexit_1                   0x08000163   Thumb Code     0  libinit2.o(.ARM.Collect$$libinit$$0000001D)
    __rt_lib_init_clock_1                    0x08000163   Thumb Code     0  libinit2.o(.ARM.Collect$$libinit$$00000023)
    __rt_lib_init_cpp_1                      0x08000163   Thumb Code     0  libinit2.o(.ARM.Collect$$libinit$$00000034)
    __rt_lib_init_exceptions_1               0x08000163   Thumb Code     0  libinit2.o(.ARM.Collect$$libinit$$00000032)
    __rt_lib_init_fp_1                       0x08000163   Thumb Code     0  libinit2.o(.ARM.Collect$$libinit$$00000002)
    __rt_lib_init_fp_trap_1                  0x08000163   Thumb Code     0  libinit2.o(.ARM.Collect$$libinit$$00000021)
    __rt_lib_init_getenv_1                   0x08000163   Thumb Code     0  libinit2.o(.ARM.Collect$$libinit$$00000025)
    __rt_lib_init_heap_1                     0x08000163   Thumb Code     0  libinit2.o(.ARM.Collect$$libinit$$0000000C)
    __rt_lib_init_lc_collate_1               0x08000163   Thumb Code     0  libinit2.o(.ARM.Collect$$libinit$$00000013)
    __rt_lib_init_lc_ctype_1                 0x08000163   Thumb Code     0  libinit2.o(.ARM.Collect$$libinit$$00000015)
    __rt_lib_init_lc_monetary_1              0x08000163   Thumb Code     0  libinit2.o(.ARM.Collect$$libinit$$00000017)
    __rt_lib_init_lc_numeric_1               0x08000163   Thumb Code     0  libinit2.o(.ARM.Collect$$libinit$$00000019)
    __rt_lib_init_lc_time_1                  0x08000163   Thumb Code     0  libinit2.o(.ARM.Collect$$libinit$$0000001B)
    __rt_lib_init_preinit_1                  0x08000163   Thumb Code     0  libinit2.o(.ARM.Collect$$libinit$$00000006)
    __rt_lib_init_rand_1                     0x08000163   Thumb Code     0  libinit2.o(.ARM.Collect$$libinit$$00000010)
    __rt_lib_init_relocate_pie_1             0x08000163   Thumb Code     0  libinit2.o(.ARM.Collect$$libinit$$00000004)
    __rt_lib_init_return                     0x08000163   Thumb Code     0  libinit2.o(.ARM.Collect$$libinit$$00000035)
    __rt_lib_init_signal_1                   0x08000163   Thumb Code     0  libinit2.o(.ARM.Collect$$libinit$$0000001F)
    __rt_lib_init_stdio_1                    0x08000163   Thumb Code     0  libinit2.o(.ARM.Collect$$libinit$$00000027)
    __rt_lib_init_user_alloc_1               0x08000163   Thumb Code     0  libinit2.o(.ARM.Collect$$libinit$$0000000E)
    __rt_lib_shutdown                        0x08000165   Thumb Code     0  libshutdown.o(.ARM.Collect$$libshutdown$$00000000)
    __rt_lib_shutdown_cpp_1                  0x08000167   Thumb Code     0  libshutdown2.o(.ARM.Collect$$libshutdown$$00000002)
    __rt_lib_shutdown_fp_trap_1              0x08000167   Thumb Code     0  libshutdown2.o(.ARM.Collect$$libshutdown$$00000007)
    __rt_lib_shutdown_heap_1                 0x08000167   Thumb Code     0  libshutdown2.o(.ARM.Collect$$libshutdown$$0000000F)
    __rt_lib_shutdown_return                 0x08000167   Thumb Code     0  libshutdown2.o(.ARM.Collect$$libshutdown$$00000010)
    __rt_lib_shutdown_signal_1               0x08000167   Thumb Code     0  libshutdown2.o(.ARM.Collect$$libshutdown$$0000000A)
    __rt_lib_shutdown_stdio_1                0x08000167   Thumb Code     0  libshutdown2.o(.ARM.Collect$$libshutdown$$00000004)
    __rt_lib_shutdown_user_alloc_1           0x08000167   Thumb Code     0  libshutdown2.o(.ARM.Collect$$libshutdown$$0000000C)
    __rt_entry                               0x08000169   Thumb Code     0  __rtentry.o(.ARM.Collect$$rtentry$$00000000)
    __rt_entry_presh_1                       0x08000169   Thumb Code     0  __rtentry2.o(.ARM.Collect$$rtentry$$00000002)
    __rt_entry_sh                            0x08000169   Thumb Code     0  __rtentry4.o(.ARM.Collect$$rtentry$$00000004)
    __rt_entry_li                            0x0800016f   Thumb Code     0  __rtentry2.o(.ARM.Collect$$rtentry$$0000000A)
    __rt_entry_postsh_1                      0x0800016f   Thumb Code     0  __rtentry2.o(.ARM.Collect$$rtentry$$00000009)
    __rt_entry_main                          0x08000173   Thumb Code     0  __rtentry2.o(.ARM.Collect$$rtentry$$0000000D)
    __rt_entry_postli_1                      0x08000173   Thumb Code     0  __rtentry2.o(.ARM.Collect$$rtentry$$0000000C)
    __rt_exit                                0x0800017b   Thumb Code     0  rtexit.o(.ARM.Collect$$rtexit$$00000000)
    __rt_exit_ls                             0x0800017d   Thumb Code     0  rtexit2.o(.ARM.Collect$$rtexit$$00000003)
    __rt_exit_prels_1                        0x0800017d   Thumb Code     0  rtexit2.o(.ARM.Collect$$rtexit$$00000002)
    __rt_exit_exit                           0x08000181   Thumb Code     0  rtexit2.o(.ARM.Collect$$rtexit$$00000004)
    Reset_Handler                            0x08000189   Thumb Code     8  startup_stm32f103xb.o(.text)
    ADC1_2_IRQHandler                        0x080001a3   Thumb Code     0  startup_stm32f103xb.o(.text)
    CAN1_RX1_IRQHandler                      0x080001a3   Thumb Code     0  startup_stm32f103xb.o(.text)
    CAN1_SCE_IRQHandler                      0x080001a3   Thumb Code     0  startup_stm32f103xb.o(.text)
    DMA1_Channel1_IRQHandler                 0x080001a3   Thumb Code     0  startup_stm32f103xb.o(.text)
    DMA1_Channel2_IRQHandler                 0x080001a3   Thumb Code     0  startup_stm32f103xb.o(.text)
    DMA1_Channel3_IRQHandler                 0x080001a3   Thumb Code     0  startup_stm32f103xb.o(.text)
    DMA1_Channel4_IRQHandler                 0x080001a3   Thumb Code     0  startup_stm32f103xb.o(.text)
    DMA1_Channel5_IRQHandler                 0x080001a3   Thumb Code     0  startup_stm32f103xb.o(.text)
    DMA1_Channel6_IRQHandler                 0x080001a3   Thumb Code     0  startup_stm32f103xb.o(.text)
    DMA1_Channel7_IRQHandler                 0x080001a3   Thumb Code     0  startup_stm32f103xb.o(.text)
    EXTI0_IRQHandler                         0x080001a3   Thumb Code     0  startup_stm32f103xb.o(.text)
    EXTI15_10_IRQHandler                     0x080001a3   Thumb Code     0  startup_stm32f103xb.o(.text)
    EXTI1_IRQHandler                         0x080001a3   Thumb Code     0  startup_stm32f103xb.o(.text)
    EXTI2_IRQHandler                         0x080001a3   Thumb Code     0  startup_stm32f103xb.o(.text)
    EXTI3_IRQHandler                         0x080001a3   Thumb Code     0  startup_stm32f103xb.o(.text)
    EXTI4_IRQHandler                         0x080001a3   Thumb Code     0  startup_stm32f103xb.o(.text)
    EXTI9_5_IRQHandler                       0x080001a3   Thumb Code     0  startup_stm32f103xb.o(.text)
    FLASH_IRQHandler                         0x080001a3   Thumb Code     0  startup_stm32f103xb.o(.text)
    I2C1_ER_IRQHandler                       0x080001a3   Thumb Code     0  startup_stm32f103xb.o(.text)
    I2C1_EV_IRQHandler                       0x080001a3   Thumb Code     0  startup_stm32f103xb.o(.text)
    I2C2_ER_IRQHandler                       0x080001a3   Thumb Code     0  startup_stm32f103xb.o(.text)
    I2C2_EV_IRQHandler                       0x080001a3   Thumb Code     0  startup_stm32f103xb.o(.text)
    PVD_IRQHandler                           0x080001a3   Thumb Code     0  startup_stm32f103xb.o(.text)
    RCC_IRQHandler                           0x080001a3   Thumb Code     0  startup_stm32f103xb.o(.text)
    RTC_Alarm_IRQHandler                     0x080001a3   Thumb Code     0  startup_stm32f103xb.o(.text)
    RTC_IRQHandler                           0x080001a3   Thumb Code     0  startup_stm32f103xb.o(.text)
    SPI1_IRQHandler                          0x080001a3   Thumb Code     0  startup_stm32f103xb.o(.text)
    SPI2_IRQHandler                          0x080001a3   Thumb Code     0  startup_stm32f103xb.o(.text)
    TAMPER_IRQHandler                        0x080001a3   Thumb Code     0  startup_stm32f103xb.o(.text)
    TIM1_BRK_IRQHandler                      0x080001a3   Thumb Code     0  startup_stm32f103xb.o(.text)
    TIM1_CC_IRQHandler                       0x080001a3   Thumb Code     0  startup_stm32f103xb.o(.text)
    TIM1_TRG_COM_IRQHandler                  0x080001a3   Thumb Code     0  startup_stm32f103xb.o(.text)
    TIM1_UP_IRQHandler                       0x080001a3   Thumb Code     0  startup_stm32f103xb.o(.text)
    TIM2_IRQHandler                          0x080001a3   Thumb Code     0  startup_stm32f103xb.o(.text)
    TIM3_IRQHandler                          0x080001a3   Thumb Code     0  startup_stm32f103xb.o(.text)
    TIM4_IRQHandler                          0x080001a3   Thumb Code     0  startup_stm32f103xb.o(.text)
    USART1_IRQHandler                        0x080001a3   Thumb Code     0  startup_stm32f103xb.o(.text)
    USART2_IRQHandler                        0x080001a3   Thumb Code     0  startup_stm32f103xb.o(.text)
    USART3_IRQHandler                        0x080001a3   Thumb Code     0  startup_stm32f103xb.o(.text)
    USBWakeUp_IRQHandler                     0x080001a3   Thumb Code     0  startup_stm32f103xb.o(.text)
    USB_HP_CAN1_TX_IRQHandler                0x080001a3   Thumb Code     0  startup_stm32f103xb.o(.text)
    USB_LP_CAN1_RX0_IRQHandler               0x080001a3   Thumb Code     0  startup_stm32f103xb.o(.text)
    WWDG_IRQHandler                          0x080001a3   Thumb Code     0  startup_stm32f103xb.o(.text)
    __user_initial_stackheap                 0x080001a5   Thumb Code     0  startup_stm32f103xb.o(.text)
    __use_two_region_memory                  0x080001c9   Thumb Code     2  heapauxi.o(.text)
    __rt_heap_escrow                         0x080001cb   Thumb Code     2  heapauxi.o(.text)
    __rt_heap_expand                         0x080001cd   Thumb Code     2  heapauxi.o(.text)
    _sys_exit                                0x080001d1   Thumb Code     8  sys_exit.o(.text)
    __user_libspace                          0x080001dd   Thumb Code     8  libspace.o(.text)
    __user_perproc_libspace                  0x080001dd   Thumb Code     0  libspace.o(.text)
    __user_perthread_libspace                0x080001dd   Thumb Code     0  libspace.o(.text)
    __I$use$semihosting                      0x080001e5   Thumb Code     0  use_no_semi.o(.text)
    __use_no_semihosting_swi                 0x080001e5   Thumb Code     2  use_no_semi.o(.text)
    __semihosting_library_function           0x080001e7   Thumb Code     0  indicate_semi.o(.text)
    __user_setup_stackheap                   0x080001e7   Thumb Code    74  sys_stackheap_outer.o(.text)
    exit                                     0x08000231   Thumb Code    18  exit.o(.text)
    BusFault_Handler                         0x08000245   Thumb Code     2  stm32f1xx_it.o(.text.BusFault_Handler)
    DebugMon_Handler                         0x08000249   Thumb Code     2  stm32f1xx_it.o(.text.DebugMon_Handler)
    HAL_GPIO_Init                            0x0800024d   Thumb Code   538  stm32f1xx_hal_gpio.o(.text.HAL_GPIO_Init)
    HAL_GetTick                              0x08000469   Thumb Code    12  stm32f1xx_hal.o(.text.HAL_GetTick)
    HAL_IncTick                              0x08000475   Thumb Code    26  stm32f1xx_hal.o(.text.HAL_IncTick)
    HAL_Init                                 0x08000491   Thumb Code    38  stm32f1xx_hal.o(.text.HAL_Init)
    HAL_InitTick                             0x080004b9   Thumb Code    72  stm32f1xx_hal.o(.text.HAL_InitTick)
    HAL_MspInit                              0x08000501   Thumb Code    66  stm32f1xx_hal_msp.o(.text.HAL_MspInit)
    HAL_NVIC_SetPriority                     0x08000545   Thumb Code    86  stm32f1xx_hal_cortex.o(.text.HAL_NVIC_SetPriority)
    HAL_NVIC_SetPriorityGrouping             0x0800059d   Thumb Code    32  stm32f1xx_hal_cortex.o(.text.HAL_NVIC_SetPriorityGrouping)
    HAL_RCC_CSSCallback                      0x080005bd   Thumb Code     2  stm32f1xx_hal_rcc.o(.text.HAL_RCC_CSSCallback)
    HAL_RCC_ClockConfig                      0x080005c1   Thumb Code   446  stm32f1xx_hal_rcc.o(.text.HAL_RCC_ClockConfig)
    HAL_RCC_EnableCSS                        0x08000781   Thumb Code    12  stm32f1xx_hal_rcc.o(.text.HAL_RCC_EnableCSS)
    HAL_RCC_NMI_IRQHandler                   0x0800078d   Thumb Code    28  stm32f1xx_hal_rcc.o(.text.HAL_RCC_NMI_IRQHandler)
    HAL_RCC_OscConfig                        0x080007a9   Thumb Code   948  stm32f1xx_hal_rcc.o(.text.HAL_RCC_OscConfig)
    HAL_SYSTICK_Config                       0x08000b5d   Thumb Code    44  stm32f1xx_hal_cortex.o(.text.HAL_SYSTICK_Config)
    HAL_TIMEx_ConfigBreakDeadTime            0x08000b89   Thumb Code    76  stm32f1xx_hal_tim_ex.o(.text.HAL_TIMEx_ConfigBreakDeadTime)
    HAL_TIMEx_MasterConfigSynchronization    0x08000bd5   Thumb Code   122  stm32f1xx_hal_tim_ex.o(.text.HAL_TIMEx_MasterConfigSynchronization)
    HAL_TIM_Base_Init                        0x08000c51   Thumb Code   236  stm32f1xx_hal_tim.o(.text.HAL_TIM_Base_Init)
    HAL_TIM_Base_MspInit                     0x08000d3d   Thumb Code    50  stm32f1xx_hal_msp.o(.text.HAL_TIM_Base_MspInit)
    HAL_TIM_ConfigClockSource                0x08000d71   Thumb Code   402  stm32f1xx_hal_tim.o(.text.HAL_TIM_ConfigClockSource)
    HAL_TIM_MspPostInit                      0x08000f05   Thumb Code   140  stm32f1xx_hal_msp.o(.text.HAL_TIM_MspPostInit)
    HAL_TIM_PWM_ConfigChannel                0x08000f91   Thumb Code   506  stm32f1xx_hal_tim.o(.text.HAL_TIM_PWM_ConfigChannel)
    HAL_TIM_PWM_Init                         0x0800118d   Thumb Code   236  stm32f1xx_hal_tim.o(.text.HAL_TIM_PWM_Init)
    HAL_TIM_PWM_MspInit                      0x08001279   Thumb Code     2  stm32f1xx_hal_tim.o(.text.HAL_TIM_PWM_MspInit)
    HardFault_Handler                        0x0800127d   Thumb Code     2  stm32f1xx_it.o(.text.HardFault_Handler)
    MemManage_Handler                        0x08001281   Thumb Code     2  stm32f1xx_it.o(.text.MemManage_Handler)
    NMI_Handler                              0x08001285   Thumb Code     6  stm32f1xx_it.o(.text.NMI_Handler)
    PendSV_Handler                           0x0800128d   Thumb Code     2  stm32f1xx_it.o(.text.PendSV_Handler)
    SVC_Handler                              0x08001291   Thumb Code     2  stm32f1xx_it.o(.text.SVC_Handler)
    SysTick_Handler                          0x08001295   Thumb Code     4  stm32f1xx_it.o(.text.SysTick_Handler)
    SystemInit                               0x08001299   Thumb Code     2  system_stm32f1xx.o(.text.SystemInit)
    UsageFault_Handler                       0x0800129d   Thumb Code     2  stm32f1xx_it.o(.text.UsageFault_Handler)
    main                                     0x080012a1   Thumb Code   450  main.o(.text.main)
    AHBPrescTable                            0x08001464   Data          16  system_stm32f1xx.o(.rodata.AHBPrescTable)
    Region$$Table$$Base                      0x08001484   Number         0  anon$$obj.o(Region$$Table)
    Region$$Table$$Limit                     0x080014a4   Number         0  anon$$obj.o(Region$$Table)
    uwTickFreq                               0x20000000   Data           1  stm32f1xx_hal.o(.data..L_MergedGlobals)
    uwTickPrio                               0x20000004   Data           4  stm32f1xx_hal.o(.data..L_MergedGlobals)
    SystemCoreClock                          0x20000008   Data           4  system_stm32f1xx.o(.data.SystemCoreClock)
    __libspace_start                         0x20000010   Data          96  libspace.o(.bss)
    __temporary_stack_top$libspace           0x20000070   Data           0  libspace.o(.bss)
    htim1                                    0x20000070   Data          72  main.o(.bss.htim1)
    uwTick                                   0x200000b8   Data           4  stm32f1xx_hal.o(.bss.uwTick)



==============================================================================

Memory Map of the image

  Image Entry point : 0x080000ed

  Load Region LR_IROM1 (Base: 0x08000000, Size: 0x000014b8, Max: 0x00010000, ABSOLUTE)

    Execution Region ER_IROM1 (Exec base: 0x08000000, Load base: 0x08000000, Size: 0x000014a4, Max: 0x00010000, ABSOLUTE)

    Exec Addr    Load Addr    Size         Type   Attr      Idx    E Section Name        Object

    0x08000000   0x08000000   0x000000ec   Data   RO            3    RESET               startup_stm32f103xb.o
    0x080000ec   0x080000ec   0x00000008   Code   RO          779  * !!!main             c_w.l(__main.o)
    0x080000f4   0x080000f4   0x00000034   Code   RO         1861    !!!scatter          c_w.l(__scatter.o)
    0x08000128   0x08000128   0x0000001a   Code   RO         1863    !!handler_copy      c_w.l(__scatter_copy.o)
    0x08000142   0x08000142   0x00000002   PAD
    0x08000144   0x08000144   0x0000001c   Code   RO         1865    !!handler_zi        c_w.l(__scatter_zi.o)
    0x08000160   0x08000160   0x00000002   Code   RO         1596    .ARM.Collect$$libinit$$00000000  c_w.l(libinit.o)
    0x08000162   0x08000162   0x00000000   Code   RO         1598    .ARM.Collect$$libinit$$00000002  c_w.l(libinit2.o)
    0x08000162   0x08000162   0x00000000   Code   RO         1600    .ARM.Collect$$libinit$$00000004  c_w.l(libinit2.o)
    0x08000162   0x08000162   0x00000000   Code   RO         1602    .ARM.Collect$$libinit$$00000006  c_w.l(libinit2.o)
    0x08000162   0x08000162   0x00000000   Code   RO         1605    .ARM.Collect$$libinit$$0000000C  c_w.l(libinit2.o)
    0x08000162   0x08000162   0x00000000   Code   RO         1607    .ARM.Collect$$libinit$$0000000E  c_w.l(libinit2.o)
    0x08000162   0x08000162   0x00000000   Code   RO         1609    .ARM.Collect$$libinit$$00000010  c_w.l(libinit2.o)
    0x08000162   0x08000162   0x00000000   Code   RO         1612    .ARM.Collect$$libinit$$00000013  c_w.l(libinit2.o)
    0x08000162   0x08000162   0x00000000   Code   RO         1614    .ARM.Collect$$libinit$$00000015  c_w.l(libinit2.o)
    0x08000162   0x08000162   0x00000000   Code   RO         1616    .ARM.Collect$$libinit$$00000017  c_w.l(libinit2.o)
    0x08000162   0x08000162   0x00000000   Code   RO         1618    .ARM.Collect$$libinit$$00000019  c_w.l(libinit2.o)
    0x08000162   0x08000162   0x00000000   Code   RO         1620    .ARM.Collect$$libinit$$0000001B  c_w.l(libinit2.o)
    0x08000162   0x08000162   0x00000000   Code   RO         1622    .ARM.Collect$$libinit$$0000001D  c_w.l(libinit2.o)
    0x08000162   0x08000162   0x00000000   Code   RO         1624    .ARM.Collect$$libinit$$0000001F  c_w.l(libinit2.o)
    0x08000162   0x08000162   0x00000000   Code   RO         1626    .ARM.Collect$$libinit$$00000021  c_w.l(libinit2.o)
    0x08000162   0x08000162   0x00000000   Code   RO         1628    .ARM.Collect$$libinit$$00000023  c_w.l(libinit2.o)
    0x08000162   0x08000162   0x00000000   Code   RO         1630    .ARM.Collect$$libinit$$00000025  c_w.l(libinit2.o)
    0x08000162   0x08000162   0x00000000   Code   RO         1632    .ARM.Collect$$libinit$$00000027  c_w.l(libinit2.o)
    0x08000162   0x08000162   0x00000000   Code   RO         1636    .ARM.Collect$$libinit$$0000002E  c_w.l(libinit2.o)
    0x08000162   0x08000162   0x00000000   Code   RO         1638    .ARM.Collect$$libinit$$00000030  c_w.l(libinit2.o)
    0x08000162   0x08000162   0x00000000   Code   RO         1640    .ARM.Collect$$libinit$$00000032  c_w.l(libinit2.o)
    0x08000162   0x08000162   0x00000000   Code   RO         1642    .ARM.Collect$$libinit$$00000034  c_w.l(libinit2.o)
    0x08000162   0x08000162   0x00000002   Code   RO         1643    .ARM.Collect$$libinit$$00000035  c_w.l(libinit2.o)
    0x08000164   0x08000164   0x00000002   Code   RO         1822    .ARM.Collect$$libshutdown$$00000000  c_w.l(libshutdown.o)
    0x08000166   0x08000166   0x00000000   Code   RO         1645    .ARM.Collect$$libshutdown$$00000002  c_w.l(libshutdown2.o)
    0x08000166   0x08000166   0x00000000   Code   RO         1647    .ARM.Collect$$libshutdown$$00000004  c_w.l(libshutdown2.o)
    0x08000166   0x08000166   0x00000000   Code   RO         1650    .ARM.Collect$$libshutdown$$00000007  c_w.l(libshutdown2.o)
    0x08000166   0x08000166   0x00000000   Code   RO         1653    .ARM.Collect$$libshutdown$$0000000A  c_w.l(libshutdown2.o)
    0x08000166   0x08000166   0x00000000   Code   RO         1655    .ARM.Collect$$libshutdown$$0000000C  c_w.l(libshutdown2.o)
    0x08000166   0x08000166   0x00000000   Code   RO         1658    .ARM.Collect$$libshutdown$$0000000F  c_w.l(libshutdown2.o)
    0x08000166   0x08000166   0x00000002   Code   RO         1659    .ARM.Collect$$libshutdown$$00000010  c_w.l(libshutdown2.o)
    0x08000168   0x08000168   0x00000000   Code   RO         1113    .ARM.Collect$$rtentry$$00000000  c_w.l(__rtentry.o)
    0x08000168   0x08000168   0x00000000   Code   RO         1304    .ARM.Collect$$rtentry$$00000002  c_w.l(__rtentry2.o)
    0x08000168   0x08000168   0x00000006   Code   RO         1316    .ARM.Collect$$rtentry$$00000004  c_w.l(__rtentry4.o)
    0x0800016e   0x0800016e   0x00000000   Code   RO         1306    .ARM.Collect$$rtentry$$00000009  c_w.l(__rtentry2.o)
    0x0800016e   0x0800016e   0x00000004   Code   RO         1307    .ARM.Collect$$rtentry$$0000000A  c_w.l(__rtentry2.o)
    0x08000172   0x08000172   0x00000000   Code   RO         1309    .ARM.Collect$$rtentry$$0000000C  c_w.l(__rtentry2.o)
    0x08000172   0x08000172   0x00000008   Code   RO         1310    .ARM.Collect$$rtentry$$0000000D  c_w.l(__rtentry2.o)
    0x0800017a   0x0800017a   0x00000002   Code   RO         1689    .ARM.Collect$$rtexit$$00000000  c_w.l(rtexit.o)
    0x0800017c   0x0800017c   0x00000000   Code   RO         1741    .ARM.Collect$$rtexit$$00000002  c_w.l(rtexit2.o)
    0x0800017c   0x0800017c   0x00000004   Code   RO         1742    .ARM.Collect$$rtexit$$00000003  c_w.l(rtexit2.o)
    0x08000180   0x08000180   0x00000006   Code   RO         1743    .ARM.Collect$$rtexit$$00000004  c_w.l(rtexit2.o)
    0x08000186   0x08000186   0x00000002   PAD
    0x08000188   0x08000188   0x00000040   Code   RO            4    .text               startup_stm32f103xb.o
    0x080001c8   0x080001c8   0x00000006   Code   RO          777    .text               c_w.l(heapauxi.o)
    0x080001ce   0x080001ce   0x00000002   PAD
    0x080001d0   0x080001d0   0x0000000c   Code   RO         1296    .text               c_w.l(sys_exit.o)
    0x080001dc   0x080001dc   0x00000008   Code   RO         1300    .text               c_w.l(libspace.o)
    0x080001e4   0x080001e4   0x00000002   Code   RO         1466    .text               c_w.l(use_no_semi.o)
    0x080001e6   0x080001e6   0x00000000   Code   RO         1470    .text               c_w.l(indicate_semi.o)
    0x080001e6   0x080001e6   0x0000004a   Code   RO         1471    .text               c_w.l(sys_stackheap_outer.o)
    0x08000230   0x08000230   0x00000012   Code   RO         1579    .text               c_w.l(exit.o)
    0x08000242   0x08000242   0x00000002   PAD
    0x08000244   0x08000244   0x00000002   Code   RO           32    .text.BusFault_Handler  stm32f1xx_it.o
    0x08000246   0x08000246   0x00000002   PAD
    0x08000248   0x08000248   0x00000002   Code   RO           38    .text.DebugMon_Handler  stm32f1xx_it.o
    0x0800024a   0x0800024a   0x00000002   PAD
    0x0800024c   0x0800024c   0x0000021a   Code   RO          511    .text.HAL_GPIO_Init  stm32f1xx_hal_gpio.o
    0x08000466   0x08000466   0x00000002   PAD
    0x08000468   0x08000468   0x0000000c   Code   RO          411    .text.HAL_GetTick   stm32f1xx_hal.o
    0x08000474   0x08000474   0x0000001a   Code   RO          409    .text.HAL_IncTick   stm32f1xx_hal.o
    0x0800048e   0x0800048e   0x00000002   PAD
    0x08000490   0x08000490   0x00000026   Code   RO          399    .text.HAL_Init      stm32f1xx_hal.o
    0x080004b6   0x080004b6   0x00000002   PAD
    0x080004b8   0x080004b8   0x00000048   Code   RO          401    .text.HAL_InitTick  stm32f1xx_hal.o
    0x08000500   0x08000500   0x00000042   Code   RO           51    .text.HAL_MspInit   stm32f1xx_hal_msp.o
    0x08000542   0x08000542   0x00000002   PAD
    0x08000544   0x08000544   0x00000056   Code   RO          569    .text.HAL_NVIC_SetPriority  stm32f1xx_hal_cortex.o
    0x0800059a   0x0800059a   0x00000002   PAD
    0x0800059c   0x0800059c   0x00000020   Code   RO          567    .text.HAL_NVIC_SetPriorityGrouping  stm32f1xx_hal_cortex.o
    0x080005bc   0x080005bc   0x00000002   Code   RO          485    .text.HAL_RCC_CSSCallback  stm32f1xx_hal_rcc.o
    0x080005be   0x080005be   0x00000002   PAD
    0x080005c0   0x080005c0   0x000001be   Code   RO          463    .text.HAL_RCC_ClockConfig  stm32f1xx_hal_rcc.o
    0x0800077e   0x0800077e   0x00000002   PAD
    0x08000780   0x08000780   0x0000000c   Code   RO          469    .text.HAL_RCC_EnableCSS  stm32f1xx_hal_rcc.o
    0x0800078c   0x0800078c   0x0000001c   Code   RO          483    .text.HAL_RCC_NMI_IRQHandler  stm32f1xx_hal_rcc.o
    0x080007a8   0x080007a8   0x000003b4   Code   RO          461    .text.HAL_RCC_OscConfig  stm32f1xx_hal_rcc.o
    0x08000b5c   0x08000b5c   0x0000002c   Code   RO          579    .text.HAL_SYSTICK_Config  stm32f1xx_hal_cortex.o
    0x08000b88   0x08000b88   0x0000004c   Code   RO          377    .text.HAL_TIMEx_ConfigBreakDeadTime  stm32f1xx_hal_tim_ex.o
    0x08000bd4   0x08000bd4   0x0000007a   Code   RO          375    .text.HAL_TIMEx_MasterConfigSynchronization  stm32f1xx_hal_tim_ex.o
    0x08000c4e   0x08000c4e   0x00000002   PAD
    0x08000c50   0x08000c50   0x000000ec   Code   RO           81    .text.HAL_TIM_Base_Init  stm32f1xx_hal_tim.o
    0x08000d3c   0x08000d3c   0x00000032   Code   RO           53    .text.HAL_TIM_Base_MspInit  stm32f1xx_hal_msp.o
    0x08000d6e   0x08000d6e   0x00000002   PAD
    0x08000d70   0x08000d70   0x00000192   Code   RO          261    .text.HAL_TIM_ConfigClockSource  stm32f1xx_hal_tim.o
    0x08000f02   0x08000f02   0x00000002   PAD
    0x08000f04   0x08000f04   0x0000008c   Code   RO           55    .text.HAL_TIM_MspPostInit  stm32f1xx_hal_msp.o
    0x08000f90   0x08000f90   0x000001fa   Code   RO          235    .text.HAL_TIM_PWM_ConfigChannel  stm32f1xx_hal_tim.o
    0x0800118a   0x0800118a   0x00000002   PAD
    0x0800118c   0x0800118c   0x000000ec   Code   RO          135    .text.HAL_TIM_PWM_Init  stm32f1xx_hal_tim.o
    0x08001278   0x08001278   0x00000002   Code   RO          137    .text.HAL_TIM_PWM_MspInit  stm32f1xx_hal_tim.o
    0x0800127a   0x0800127a   0x00000002   PAD
    0x0800127c   0x0800127c   0x00000002   Code   RO           28    .text.HardFault_Handler  stm32f1xx_it.o
    0x0800127e   0x0800127e   0x00000002   PAD
    0x08001280   0x08001280   0x00000002   Code   RO           30    .text.MemManage_Handler  stm32f1xx_it.o
    0x08001282   0x08001282   0x00000002   PAD
    0x08001284   0x08001284   0x00000006   Code   RO           26    .text.NMI_Handler   stm32f1xx_it.o
    0x0800128a   0x0800128a   0x00000002   PAD
    0x0800128c   0x0800128c   0x00000002   Code   RO           40    .text.PendSV_Handler  stm32f1xx_it.o
    0x0800128e   0x0800128e   0x00000002   PAD
    0x08001290   0x08001290   0x00000002   Code   RO           36    .text.SVC_Handler   stm32f1xx_it.o
    0x08001292   0x08001292   0x00000002   PAD
    0x08001294   0x08001294   0x00000004   Code   RO           42    .text.SysTick_Handler  stm32f1xx_it.o
    0x08001298   0x08001298   0x00000002   Code   RO          732    .text.SystemInit    system_stm32f1xx.o
    0x0800129a   0x0800129a   0x00000002   PAD
    0x0800129c   0x0800129c   0x00000002   Code   RO           34    .text.UsageFault_Handler  stm32f1xx_it.o
    0x0800129e   0x0800129e   0x00000002   PAD
    0x080012a0   0x080012a0   0x000001c2   Code   RO           11    .text.main          main.o
    0x08001462   0x08001462   0x00000002   Data   RO          488    .rodata..L__const.HAL_RCC_GetSysClockFreq.aPredivFactorTable  stm32f1xx_hal_rcc.o
    0x08001464   0x08001464   0x00000010   Data   RO          737    .rodata.AHBPrescTable  system_stm32f1xx.o
    0x08001474   0x08001474   0x00000010   Data   RO          487    .rodata.cst16       stm32f1xx_hal_rcc.o
    0x08001484   0x08001484   0x00000020   Data   RO         1860    Region$$Table       anon$$obj.o


    Execution Region RW_IRAM1 (Exec base: 0x20000000, Load base: 0x080014a8, Size: 0x000006c0, Max: 0x00005000, ABSOLUTE)

    Exec Addr    Load Addr    Size         Type   Attr      Idx    E Section Name        Object

    0x20000000   0x080014a8   0x00000008   Data   RW          450    .data..L_MergedGlobals  stm32f1xx_hal.o
    0x20000008   0x080014b0   0x00000004   Data   RW          736    .data.SystemCoreClock  system_stm32f1xx.o
    0x2000000c   0x080014b4   0x00000004   PAD
    0x20000010        -       0x00000060   Zero   RW         1301    .bss                c_w.l(libspace.o)
    0x20000070        -       0x00000048   Zero   RW           17    .bss.htim1          main.o
    0x200000b8        -       0x00000004   Zero   RW          449    .bss.uwTick         stm32f1xx_hal.o
    0x200000bc   0x080014b4   0x00000004   PAD
    0x200000c0        -       0x00000200   Zero   RW            2    HEAP                startup_stm32f103xb.o
    0x200002c0        -       0x00000400   Zero   RW            1    STACK               startup_stm32f103xb.o


==============================================================================

Image component sizes


      Code (inc. data)   RO Data    RW Data    ZI Data      Debug   Object Name

       450          0          0          0         72       6254   main.o
        64         26        236          0       1536        828   startup_stm32f103xb.o
       148          0          0          8          4       5775   stm32f1xx_hal.o
       162          0          0          0          0       8533   stm32f1xx_hal_cortex.o
       538         22          0          0          0       4578   stm32f1xx_hal_gpio.o
       256          0          0          0          0       5088   stm32f1xx_hal_msp.o
      1436          0         18          0          0       7696   stm32f1xx_hal_rcc.o
      1382          4          0          0          0      54416   stm32f1xx_hal_tim.o
       198          0          0          0          0      20446   stm32f1xx_hal_tim_ex.o
        24          0          0          0          0       1182   stm32f1xx_it.o
         2          0         16          4          0       1655   system_stm32f1xx.o

    ----------------------------------------------------------------------
      4702         52        302         12       1620     116451   Object Totals
         0          0         32          0          0          0   (incl. Generated)
        42          0          0          0          8          0   (incl. Padding)

    ----------------------------------------------------------------------

      Code (inc. data)   RO Data    RW Data    ZI Data      Debug   Library Member Name

         8          0          0          0          0         68   __main.o
         0          0          0          0          0          0   __rtentry.o
        12          0          0          0          0          0   __rtentry2.o
         6          0          0          0          0          0   __rtentry4.o
        52          8          0          0          0          0   __scatter.o
        26          0          0          0          0          0   __scatter_copy.o
        28          0          0          0          0          0   __scatter_zi.o
        18          0          0          0          0         80   exit.o
         6          0          0          0          0        152   heapauxi.o
         0          0          0          0          0          0   indicate_semi.o
         2          0          0          0          0          0   libinit.o
         2          0          0          0          0          0   libinit2.o
         2          0          0          0          0          0   libshutdown.o
         2          0          0          0          0          0   libshutdown2.o
         8          4          0          0         96         68   libspace.o
         2          0          0          0          0          0   rtexit.o
        10          0          0          0          0          0   rtexit2.o
        12          4          0          0          0         68   sys_exit.o
        74          0          0          0          0         80   sys_stackheap_outer.o
         2          0          0          0          0         68   use_no_semi.o

    ----------------------------------------------------------------------
       280         16          0          0         96        584   Library Totals
         8          0          0          0          0          0   (incl. Padding)

    ----------------------------------------------------------------------

      Code (inc. data)   RO Data    RW Data    ZI Data      Debug   Library Name

       272         16          0          0         96        584   c_w.l

    ----------------------------------------------------------------------
       280         16          0          0         96        584   Library Totals

    ----------------------------------------------------------------------

==============================================================================


      Code (inc. data)   RO Data    RW Data    ZI Data      Debug   

      4982         68        302         12       1716     116747   Grand Totals
      4982         68        302         12       1716     116747   ELF Image Totals
      4982         68        302         12          0          0   ROM Totals

==============================================================================

    Total RO  Size (Code + RO Data)                 5284 (   5.16kB)
    Total RW  Size (RW Data + ZI Data)              1728 (   1.69kB)
    Total ROM Size (Code + RO Data + RW Data)       5296 (   5.17kB)

==============================================================================

